Archive member included to satisfy reference by file (symbol)

C:/ST/STM32CubeIDE_1.14.1/STM32CubeIDE/plugins/com.st.stm32cube.ide.mcu.externaltools.gnu-tools-for-stm32.11.3.rel1.win32_1.1.100.202309141235/tools/bin/../lib/gcc/arm-none-eabi/11.3.1/../../../../arm-none-eabi/lib/thumb/v7e-m+fp/hard\libc_nano.a(libc_a-exit.o)
                              C:/ST/STM32CubeIDE_1.14.1/STM32CubeIDE/plugins/com.st.stm32cube.ide.mcu.externaltools.gnu-tools-for-stm32.11.3.rel1.win32_1.1.100.202309141235/tools/bin/../lib/gcc/arm-none-eabi/11.3.1/../../../../arm-none-eabi/lib/thumb/v7e-m+fp/hard/crt0.o (exit)
C:/ST/STM32CubeIDE_1.14.1/STM32CubeIDE/plugins/com.st.stm32cube.ide.mcu.externaltools.gnu-tools-for-stm32.11.3.rel1.win32_1.1.100.202309141235/tools/bin/../lib/gcc/arm-none-eabi/11.3.1/../../../../arm-none-eabi/lib/thumb/v7e-m+fp/hard\libc_nano.a(libc_a-findfp.o)
                              C:/ST/STM32CubeIDE_1.14.1/STM32CubeIDE/plugins/com.st.stm32cube.ide.mcu.externaltools.gnu-tools-for-stm32.11.3.rel1.win32_1.1.100.202309141235/tools/bin/../lib/gcc/arm-none-eabi/11.3.1/../../../../arm-none-eabi/lib/thumb/v7e-m+fp/hard\libc_nano.a(libc_a-exit.o) (__stdio_exit_handler)
C:/ST/STM32CubeIDE_1.14.1/STM32CubeIDE/plugins/com.st.stm32cube.ide.mcu.externaltools.gnu-tools-for-stm32.11.3.rel1.win32_1.1.100.202309141235/tools/bin/../lib/gcc/arm-none-eabi/11.3.1/../../../../arm-none-eabi/lib/thumb/v7e-m+fp/hard\libc_nano.a(libc_a-fwalk.o)
                              C:/ST/STM32CubeIDE_1.14.1/STM32CubeIDE/plugins/com.st.stm32cube.ide.mcu.externaltools.gnu-tools-for-stm32.11.3.rel1.win32_1.1.100.202309141235/tools/bin/../lib/gcc/arm-none-eabi/11.3.1/../../../../arm-none-eabi/lib/thumb/v7e-m+fp/hard\libc_nano.a(libc_a-findfp.o) (_fwalk_sglue)
C:/ST/STM32CubeIDE_1.14.1/STM32CubeIDE/plugins/com.st.stm32cube.ide.mcu.externaltools.gnu-tools-for-stm32.11.3.rel1.win32_1.1.100.202309141235/tools/bin/../lib/gcc/arm-none-eabi/11.3.1/../../../../arm-none-eabi/lib/thumb/v7e-m+fp/hard\libc_nano.a(libc_a-stdio.o)
                              C:/ST/STM32CubeIDE_1.14.1/STM32CubeIDE/plugins/com.st.stm32cube.ide.mcu.externaltools.gnu-tools-for-stm32.11.3.rel1.win32_1.1.100.202309141235/tools/bin/../lib/gcc/arm-none-eabi/11.3.1/../../../../arm-none-eabi/lib/thumb/v7e-m+fp/hard\libc_nano.a(libc_a-findfp.o) (__sread)
C:/ST/STM32CubeIDE_1.14.1/STM32CubeIDE/plugins/com.st.stm32cube.ide.mcu.externaltools.gnu-tools-for-stm32.11.3.rel1.win32_1.1.100.202309141235/tools/bin/../lib/gcc/arm-none-eabi/11.3.1/../../../../arm-none-eabi/lib/thumb/v7e-m+fp/hard\libc_nano.a(libc_a-memset.o)
                              C:/ST/STM32CubeIDE_1.14.1/STM32CubeIDE/plugins/com.st.stm32cube.ide.mcu.externaltools.gnu-tools-for-stm32.11.3.rel1.win32_1.1.100.202309141235/tools/bin/../lib/gcc/arm-none-eabi/11.3.1/../../../../arm-none-eabi/lib/thumb/v7e-m+fp/hard/crt0.o (memset)
C:/ST/STM32CubeIDE_1.14.1/STM32CubeIDE/plugins/com.st.stm32cube.ide.mcu.externaltools.gnu-tools-for-stm32.11.3.rel1.win32_1.1.100.202309141235/tools/bin/../lib/gcc/arm-none-eabi/11.3.1/../../../../arm-none-eabi/lib/thumb/v7e-m+fp/hard\libc_nano.a(libc_a-closer.o)
                              C:/ST/STM32CubeIDE_1.14.1/STM32CubeIDE/plugins/com.st.stm32cube.ide.mcu.externaltools.gnu-tools-for-stm32.11.3.rel1.win32_1.1.100.202309141235/tools/bin/../lib/gcc/arm-none-eabi/11.3.1/../../../../arm-none-eabi/lib/thumb/v7e-m+fp/hard\libc_nano.a(libc_a-stdio.o) (_close_r)
C:/ST/STM32CubeIDE_1.14.1/STM32CubeIDE/plugins/com.st.stm32cube.ide.mcu.externaltools.gnu-tools-for-stm32.11.3.rel1.win32_1.1.100.202309141235/tools/bin/../lib/gcc/arm-none-eabi/11.3.1/../../../../arm-none-eabi/lib/thumb/v7e-m+fp/hard\libc_nano.a(libc_a-reent.o)
                              C:/ST/STM32CubeIDE_1.14.1/STM32CubeIDE/plugins/com.st.stm32cube.ide.mcu.externaltools.gnu-tools-for-stm32.11.3.rel1.win32_1.1.100.202309141235/tools/bin/../lib/gcc/arm-none-eabi/11.3.1/../../../../arm-none-eabi/lib/thumb/v7e-m+fp/hard\libc_nano.a(libc_a-closer.o) (errno)
C:/ST/STM32CubeIDE_1.14.1/STM32CubeIDE/plugins/com.st.stm32cube.ide.mcu.externaltools.gnu-tools-for-stm32.11.3.rel1.win32_1.1.100.202309141235/tools/bin/../lib/gcc/arm-none-eabi/11.3.1/../../../../arm-none-eabi/lib/thumb/v7e-m+fp/hard\libc_nano.a(libc_a-impure.o)
                              C:/ST/STM32CubeIDE_1.14.1/STM32CubeIDE/plugins/com.st.stm32cube.ide.mcu.externaltools.gnu-tools-for-stm32.11.3.rel1.win32_1.1.100.202309141235/tools/bin/../lib/gcc/arm-none-eabi/11.3.1/../../../../arm-none-eabi/lib/thumb/v7e-m+fp/hard\libc_nano.a(libc_a-reent.o) (_impure_ptr)
C:/ST/STM32CubeIDE_1.14.1/STM32CubeIDE/plugins/com.st.stm32cube.ide.mcu.externaltools.gnu-tools-for-stm32.11.3.rel1.win32_1.1.100.202309141235/tools/bin/../lib/gcc/arm-none-eabi/11.3.1/../../../../arm-none-eabi/lib/thumb/v7e-m+fp/hard\libc_nano.a(libc_a-lseekr.o)
[...]
Memory Configuration

Name             Origin             Length             Attributes
RAM              0x0000000020001000 0x000000000001f000 xrw
ROM              0x0000000008000000 0x0000000000080000 xr
*default*        0x0000000000000000 0xffffffffffffffff

Linker script and memory map

LOAD C:/ST/STM32CubeIDE_1.14.1/STM32CubeIDE/plugins/com.st.stm32cube.ide.mcu.externaltools.gnu-tools-for-stm32.11.3.rel1.win32_1.1.100.202309141235/tools/bin/../lib/gcc/arm-none-eabi/11.3.1/thumb/v7e-m+fp/hard/crti.o
LOAD C:/ST/STM32CubeIDE_1.14.1/STM32CubeIDE/plugins/com.st.stm32cube.ide.mcu.externaltools.gnu-tools-for-stm32.11.3.rel1.win32_1.1.100.202309141235/tools/bin/../lib/gcc/arm-none-eabi/11.3.1/thumb/v7e-m+fp/hard/crtbegin.o
LOAD C:/ST/STM32CubeIDE_1.14.1/STM32CubeIDE/plugins/com.st.stm32cube.ide.mcu.externaltools.gnu-tools-for-stm32.11.3.rel1.win32_1.1.100.202309141235/tools/bin/../lib/gcc/arm-none-eabi/11.3.1/../../../../arm-none-eabi/lib/thumb/v7e-m+fp/hard/crt0.o
LOAD ./Drivers/BSP/STM32F4xx_Nucleo_144/stm32f4xx_nucleo_144.o
LOAD ./Drivers/CMSIS/system_stm32f4xx.o
LOAD ./Drivers/STM32F4xx_HAL_Driver/stm32f4xx_hal.o
LOAD ./Drivers/STM32F4xx_HAL_Driver/stm32f4xx_hal_cortex.o
LOAD ./Drivers/STM32F4xx_HAL_Driver/stm32f4xx_hal_dma.o
LOAD ./Drivers/STM32F4xx_HAL_Driver/stm32f4xx_hal_flash.o
LOAD ./Drivers/STM32F4xx_HAL_Driver/stm32f4xx_hal_flash_ex.o
LOAD ./Drivers/STM32F4xx_HAL_Driver/stm32f4xx_hal_gpio.o
LOAD ./Drivers/STM32F4xx_HAL_Driver/stm32f4xx_hal_pwr_ex.o
LOAD ./Drivers/STM32F4xx_HAL_Driver/stm32f4xx_hal_rcc.o
LOAD ./Drivers/STM32F4xx_HAL_Driver/stm32f4xx_hal_tim.o
LOAD ./Drivers/STM32F4xx_HAL_Driver/stm32f4xx_hal_tim_ex.o
LOAD ./Drivers/STM32F4xx_HAL_Driver/stm32f4xx_hal_uart.o
LOAD ./Example/Startup/startup_stm32f446zetx.o
LOAD ./Example/User/main.o
LOAD ./Example/User/stm32f4xx_hal_msp.o
LOAD ./Example/User/stm32f4xx_it.o
LOAD ./Example/User/syscalls.o
LOAD ./Example/User/sysmem.o
START GROUP
LOAD C:/ST/STM32CubeIDE_1.14.1/STM32CubeIDE/plugins/com.st.stm32cube.ide.mcu.externaltools.gnu-tools-for-stm32.11.3.rel1.win32_1.1.100.202309141235/tools/bin/../lib/gcc/arm-none-eabi/11.3.1/../../../../arm-none-eabi/lib/thumb/v7e-m+fp/hard\libc_nano.a
LOAD C:/ST/STM32CubeIDE_1.14.1/STM32CubeIDE/plugins/com.st.stm32cube.ide.mcu.externaltools.gnu-tools-for-stm32.11.3.rel1.win32_1.1.100.202309141235/tools/bin/../lib/gcc/arm-none-eabi/11.3.1/../../../../arm-none-eabi/lib/thumb/v7e-m+fp/hard\libm.a
END GROUP
START GROUP
LOAD C:/ST/STM32CubeIDE_1.14.1/STM32CubeIDE/plugins/com.st.stm32cube.ide.mcu.externaltools.gnu-tools-for-stm32.11.3.rel1.win32_1.1.100.202309141235/tools/bin/../lib/gcc/arm-none-eabi/11.3.1/thumb/v7e-m+fp/hard\libgcc.a
LOAD C:/ST/STM32CubeIDE_1.14.1/STM32CubeIDE/plugins/com.st.stm32cube.ide.mcu.externaltools.gnu-tools-for-stm32.11.3.rel1.win32_1.1.100.202309141235/tools/bin/../lib/gcc/arm-none-eabi/11.3.1/../../../../arm-none-eabi/lib/thumb/v7e-m+fp/hard\libc_nano.a
END GROUP
START GROUP
LOAD C:/ST/STM32CubeIDE_1.14.1/STM32CubeIDE/plugins/com.st.stm32cube.ide.mcu.externaltools.gnu-tools-for-stm32.11.3.rel1.win32_1.1.100.202309141235/tools/bin/../lib/gcc/arm-none-eabi/11.3.1/thumb/v7e-m+fp/hard\libgcc.a
LOAD C:/ST/STM32CubeIDE_1.14.1/STM32CubeIDE/plugins/com.st.stm32cube.ide.mcu.externaltools.gnu-tools-for-stm32.11.3.rel1.win32_1.1.100.202309141235/tools/bin/../lib/gcc/arm-none-eabi/11.3.1/../../../../arm-none-eabi/lib/thumb/v7e-m+fp/hard\libc_nano.a
LOAD C:/ST/STM32CubeIDE_1.14.1/STM32CubeIDE/plugins/com.st.stm32cube.ide.mcu.externaltools.gnu-tools-for-stm32.11.3.rel1.win32_1.1.100.202309141235/tools/bin/../lib/gcc/arm-none-eabi/11.3.1/../../../../arm-none-eabi/lib/thumb/v7e-m+fp/hard\libnosys.a
END GROUP
START GROUP
LOAD C:/ST/STM32CubeIDE_1.14.1/STM32CubeIDE/plugins/com.st.stm32cube.ide.mcu.externaltools.gnu-tools-for-stm32.11.3.rel1.win32_1.1.100.202309141235/tools/bin/../lib/gcc/arm-none-eabi/11.3.1/thumb/v7e-m+fp/hard\libgcc.a
LOAD C:/ST/STM32CubeIDE_1.14.1/STM32CubeIDE/plugins/com.st.stm32cube.ide.mcu.externaltools.gnu-tools-for-stm32.11.3.rel1.win32_1.1.100.202309141235/tools/bin/../lib/gcc/arm-none-eabi/11.3.1/../../../../arm-none-eabi/lib/thumb/v7e-m+fp/hard\libc_nano.a
LOAD C:/ST/STM32CubeIDE_1.14.1/STM32CubeIDE/plugins/com.st.stm32cube.ide.mcu.externaltools.gnu-tools-for-stm32.11.3.rel1.win32_1.1.100.202309141235/tools/bin/../lib/gcc/arm-none-eabi/11.3.1/../../../../arm-none-eabi/lib/thumb/v7e-m+fp/hard\libnosys.a
END GROUP
LOAD C:/ST/STM32CubeIDE_1.14.1/STM32CubeIDE/plugins/com.st.stm32cube.ide.mcu.externaltools.gnu-tools-for-stm32.11.3.rel1.win32_1.1.100.202309141235/tools/bin/../lib/gcc/arm-none-eabi/11.3.1/thumb/v7e-m+fp/hard/crtend.o
LOAD C:/ST/STM32CubeIDE_1.14.1/STM32CubeIDE/plugins/com.st.stm32cube.ide.mcu.externaltools.gnu-tools-for-stm32.11.3.rel1.win32_1.1.100.202309141235/tools/bin/../lib/gcc/arm-none-eabi/11.3.1/thumb/v7e-m+fp/hard/crtn.o
                0x0000000020020000                _estack = (ORIGIN (RAM) + LENGTH (RAM))
                0x0000000000000200                _Min_Heap_Size = 0x200
                0x0000000000000400                _Min_Stack_Size = 0x400

.isr_vector     0x0000000020001000      0x1c4
                0x0000000020001000                . = ALIGN (0x4)
 *(.isr_vector)
 .isr_vector    0x0000000020001000      0x1c4 ./Example/Startup/startup_stm32f446zetx.o
                0x0000000020001000                g_pfnVectors
                0x00000000200011c4                . = ALIGN (0x4)

.text           0x00000000200011c4     0x312c
                0x00000000200011c4                . = ALIGN (0x4)
 *(.text)
 .text          0x00000000200011c4       0x40 C:/ST/STM32CubeIDE_1.14.1/STM32CubeIDE/plugins/com.st.stm32cube.ide.mcu.externaltools.gnu-tools-for-stm32.11.3.rel1.win32_1.1.100.202309141235/tools/bin/../lib/gcc/arm-none-eabi/11.3.1/thumb/v7e-m+fp/hard/crtbegin.o
 .text          0x0000000020001204       0x30 C:/ST/STM32CubeIDE_1.14.1/STM32CubeIDE/plugins/com.st.stm32cube.ide.mcu.externaltools.gnu-tools-for-stm32.11.3.rel1.win32_1.1.100.202309141235/tools/bin/../lib/gcc/arm-none-eabi/11.3.1/thumb/v7e-m+fp/hard\libgcc.a(_aeabi_uldivmod.o)
                0x0000000020001204                __aeabi_uldivmod
 .text          0x0000000020001234      0x2c8 C:/ST/STM32CubeIDE_1.14.1/STM32CubeIDE/plugins/com.st.stm32cube.ide.mcu.externaltools.gnu-tools-for-stm32.11.3.rel1.win32_1.1.100.202309141235/tools/bin/../lib/gcc/arm-none-eabi/11.3.1/thumb/v7e-m+fp/hard\libgcc.a(_udivmoddi4.o)
                0x0000000020001234                __udivmoddi4
 .text          0x00000000200014fc        0x4 C:/ST/STM32CubeIDE_1.14.1/STM32CubeIDE/plugins/com.st.stm32cube.ide.mcu.externaltools.gnu-tools-for-stm32.11.3.rel1.win32_1.1.100.202309141235/tools/bin/../lib/gcc/arm-none-eabi/11.3.1/thumb/v7e-m+fp/hard\libgcc.a(_dvmd_tls.o)
                0x00000000200014fc                __aeabi_idiv0
                0x00000000200014fc                __aeabi_ldiv0
 *(.text*)
 .text.BSP_LED_Init
                0x0000000020001500       0xa0 ./Drivers/BSP/STM32F4xx_Nucleo_144/stm32f4xx_nucleo_144.o
                0x0000000020001500                BSP_LED_Init
 .text.BSP_LED_On
                0x00000000200015a0       0x34 ./Drivers/BSP/STM32F4xx_Nucleo_144/stm32f4xx_nucleo_144.o
                0x00000000200015a0                BSP_LED_On
 .text.BSP_LED_Off
                0x00000000200015d4       0x34 ./Drivers/BSP/STM32F4xx_Nucleo_144/stm32f4xx_nucleo_144.o
                0x00000000200015d4                BSP_LED_Off
 .text.SystemInit
                0x0000000020001608       0x70 ./Drivers/CMSIS/system_stm32f4xx.o
                0x0000000020001608                SystemInit
 .text.HAL_Init
                0x0000000020001678       0x38 ./Drivers/STM32F4xx_HAL_Driver/stm32f4xx_hal.o
                0x0000000020001678                HAL_Init
 .text.HAL_MspInit
                0x00000000200016b0        0xe ./Drivers/STM32F4xx_HAL_Driver/stm32f4xx_hal.o
                0x00000000200016b0                HAL_MspInit
 *fill*         0x00000000200016be        0x2 
 .text.HAL_InitTick
                0x00000000200016c0       0x60 ./Drivers/STM32F4xx_HAL_Driver/stm32f4xx_hal.o
                0x00000000200016c0                HAL_InitTick
 .text.HAL_IncTick
                0x0000000020001720       0x28 ./Drivers/STM32F4xx_HAL_Driver/stm32f4xx_hal.o
                0x0000000020001720                HAL_IncTick
 .text.HAL_GetTick
                0x0000000020001748       0x18 ./Drivers/STM32F4xx_HAL_Driver/stm32f4xx_hal.o
                0x0000000020001748                HAL_GetTick
 .text.HAL_Delay
                0x0000000020001760       0x48 ./Drivers/STM32F4xx_HAL_Driver/stm32f4xx_hal.o
                0x0000000020001760                HAL_Delay
 .text.__NVIC_SetPriorityGrouping
                0x00000000200017a8       0x48 ./Drivers/STM32F4xx_HAL_Driver/stm32f4xx_hal_cortex.o
 .text.__NVIC_GetPriorityGrouping
                0x00000000200017f0       0x1c ./Drivers/STM32F4xx_HAL_Driver/stm32f4xx_hal_cortex.o
 .text.__NVIC_EnableIRQ
                0x000000002000180c       0x3c ./Drivers/STM32F4xx_HAL_Driver/stm32f4xx_hal_cortex.o
 .text.__NVIC_SetPriority
                0x0000000020001848       0x54 ./Drivers/STM32F4xx_HAL_Driver/stm32f4xx_hal_cortex.o
 .text.NVIC_EncodePriority
                0x000000002000189c       0x66 ./Drivers/STM32F4xx_HAL_Driver/stm32f4xx_hal_cortex.o
 *fill*         0x0000000020001902        0x2 
 .text.SysTick_Config
                0x0000000020001904       0x44 ./Drivers/STM32F4xx_HAL_Driver/stm32f4xx_hal_cortex.o
 .text.HAL_NVIC_SetPriorityGrouping
                0x0000000020001948       0x16 ./Drivers/STM32F4xx_HAL_Driver/stm32f4xx_hal_cortex.o
                0x0000000020001948                HAL_NVIC_SetPriorityGrouping
 .text.HAL_NVIC_SetPriority
                0x000000002000195e       0x38 ./Drivers/STM32F4xx_HAL_Driver/stm32f4xx_hal_cortex.o
                0x000000002000195e                HAL_NVIC_SetPriority
 .text.HAL_NVIC_EnableIRQ
                0x0000000020001996       0x1c ./Drivers/STM32F4xx_HAL_Driver/stm32f4xx_hal_cortex.o
                0x0000000020001996                HAL_NVIC_EnableIRQ
 .text.HAL_SYSTICK_Config
                0x00000000200019b2       0x18 ./Drivers/STM32F4xx_HAL_Driver/stm32f4xx_hal_cortex.o
                0x00000000200019b2                HAL_SYSTICK_Config
 *fill*         0x00000000200019ca        0x2 
 .text.HAL_FLASH_Program
                0x00000000200019cc       0xa8 ./Drivers/STM32F4xx_HAL_Driver/stm32f4xx_hal_flash.o
                0x00000000200019cc                HAL_FLASH_Program
 .text.HAL_FLASH_Unlock
                0x0000000020001a74       0x44 ./Drivers/STM32F4xx_HAL_Driver/stm32f4xx_hal_flash.o
                0x0000000020001a74                HAL_FLASH_Unlock
 .text.HAL_FLASH_Lock
                0x0000000020001ab8       0x20 ./Drivers/STM32F4xx_HAL_Driver/stm32f4xx_hal_flash.o
                0x0000000020001ab8                HAL_FLASH_Lock
 .text.FLASH_WaitForLastOperation
                0x0000000020001ad8       0x80 ./Drivers/STM32F4xx_HAL_Driver/stm32f4xx_hal_flash.o
                0x0000000020001ad8                FLASH_WaitForLastOperation
 .text.FLASH_Program_DoubleWord
                0x0000000020001b58       0x64 ./Drivers/STM32F4xx_HAL_Driver/stm32f4xx_hal_flash.o
 .text.FLASH_Program_Word
                0x0000000020001bbc       0x44 ./Drivers/STM32F4xx_HAL_Driver/stm32f4xx_hal_flash.o
 .text.FLASH_Program_HalfWord
                0x0000000020001c00       0x48 ./Drivers/STM32F4xx_HAL_Driver/stm32f4xx_hal_flash.o
 .text.FLASH_Program_Byte
                0x0000000020001c48       0x44 ./Drivers/STM32F4xx_HAL_Driver/stm32f4xx_hal_flash.o
 .text.FLASH_SetErrorCode
                0x0000000020001c8c       0xcc ./Drivers/STM32F4xx_HAL_Driver/stm32f4xx_hal_flash.o
 .text.HAL_FLASHEx_Erase
                0x0000000020001d58       0xe0 ./Drivers/STM32F4xx_HAL_Driver/stm32f4xx_hal_flash_ex.o
                0x0000000020001d58                HAL_FLASHEx_Erase
 .text.FLASH_MassErase
                0x0000000020001e38       0x48 ./Drivers/STM32F4xx_HAL_Driver/stm32f4xx_hal_flash_ex.o
 .text.FLASH_Erase_Sector
                0x0000000020001e80       0x90 ./Drivers/STM32F4xx_HAL_Driver/stm32f4xx_hal_flash_ex.o
                0x0000000020001e80                FLASH_Erase_Sector
 .text.FLASH_FlushCaches
                0x0000000020001f10       0x8c ./Drivers/STM32F4xx_HAL_Driver/stm32f4xx_hal_flash_ex.o
                0x0000000020001f10                FLASH_FlushCaches
 .text.HAL_GPIO_Init
                0x0000000020001f9c      0x328 ./Drivers/STM32F4xx_HAL_Driver/stm32f4xx_hal_gpio.o
                0x0000000020001f9c                HAL_GPIO_Init
 .text.HAL_GPIO_WritePin
                0x00000000200022c4       0x32 ./Drivers/STM32F4xx_HAL_Driver/stm32f4xx_hal_gpio.o
                0x00000000200022c4                HAL_GPIO_WritePin
 .text.HAL_GPIO_TogglePin
                0x00000000200022f6       0x34 ./Drivers/STM32F4xx_HAL_Driver/stm32f4xx_hal_gpio.o
                0x00000000200022f6                HAL_GPIO_TogglePin
 *fill*         0x000000002000232a        0x2 
 .text.HAL_PWREx_EnableOverDrive
                0x000000002000232c       0xa0 ./Drivers/STM32F4xx_HAL_Driver/stm32f4xx_hal_pwr_ex.o
                0x000000002000232c                HAL_PWREx_EnableOverDrive
 .text.HAL_RCC_OscConfig
                0x00000000200023cc      0x500 ./Drivers/STM32F4xx_HAL_Driver/stm32f4xx_hal_rcc.o
                0x00000000200023cc                HAL_RCC_OscConfig
 .text.HAL_RCC_ClockConfig
                0x00000000200028cc      0x1cc ./Drivers/STM32F4xx_HAL_Driver/stm32f4xx_hal_rcc.o
                0x00000000200028cc                HAL_RCC_ClockConfig
 .text.HAL_RCC_GetSysClockFreq
                0x0000000020002a98      0x20c ./Drivers/STM32F4xx_HAL_Driver/stm32f4xx_hal_rcc.o
                0x0000000020002a98                HAL_RCC_GetSysClockFreq
 .text.HAL_RCC_GetHCLKFreq
                0x0000000020002ca4       0x18 ./Drivers/STM32F4xx_HAL_Driver/stm32f4xx_hal_rcc.o
                0x0000000020002ca4                HAL_RCC_GetHCLKFreq
 .text.HAL_RCC_GetPCLK1Freq
                0x0000000020002cbc       0x28 ./Drivers/STM32F4xx_HAL_Driver/stm32f4xx_hal_rcc.o
                0x0000000020002cbc                HAL_RCC_GetPCLK1Freq
 .text.HAL_RCC_GetPCLK2Freq
                0x0000000020002ce4       0x28 ./Drivers/STM32F4xx_HAL_Driver/stm32f4xx_hal_rcc.o
                0x0000000020002ce4                HAL_RCC_GetPCLK2Freq
 .text.HAL_TIM_Base_Init
                0x0000000020002d0c       0x9e ./Drivers/STM32F4xx_HAL_Driver/stm32f4xx_hal_tim.o
                0x0000000020002d0c                HAL_TIM_Base_Init
 *fill*         0x0000000020002daa        0x2 
 .text.HAL_TIM_Base_Start_IT
                0x0000000020002dac       0xe0 ./Drivers/STM32F4xx_HAL_Driver/stm32f4xx_hal_tim.o
                0x0000000020002dac                HAL_TIM_Base_Start_IT
 .text.HAL_TIM_IRQHandler
                0x0000000020002e8c      0x1e0 ./Drivers/STM32F4xx_HAL_Driver/stm32f4xx_hal_tim.o
                0x0000000020002e8c                HAL_TIM_IRQHandler
 .text.HAL_TIM_OC_DelayElapsedCallback
                0x000000002000306c       0x14 ./Drivers/STM32F4xx_HAL_Driver/stm32f4xx_hal_tim.o
                0x000000002000306c                HAL_TIM_OC_DelayElapsedCallback
 .text.HAL_TIM_IC_CaptureCallback
                0x0000000020003080       0x14 ./Drivers/STM32F4xx_HAL_Driver/stm32f4xx_hal_tim.o
                0x0000000020003080                HAL_TIM_IC_CaptureCallback
 .text.HAL_TIM_PWM_PulseFinishedCallback
                0x0000000020003094       0x14 ./Drivers/STM32F4xx_HAL_Driver/stm32f4xx_hal_tim.o
                0x0000000020003094                HAL_TIM_PWM_PulseFinishedCallback
 .text.HAL_TIM_TriggerCallback
                0x00000000200030a8       0x14 ./Drivers/STM32F4xx_HAL_Driver/stm32f4xx_hal_tim.o
                0x00000000200030a8                HAL_TIM_TriggerCallback
 .text.TIM_Base_SetConfig
                0x00000000200030bc      0x158 ./Drivers/STM32F4xx_HAL_Driver/stm32f4xx_hal_tim.o
                0x00000000200030bc                TIM_Base_SetConfig
 .text.HAL_TIMEx_MasterConfigSynchronization
                0x0000000020003214       0xf8 ./Drivers/STM32F4xx_HAL_Driver/stm32f4xx_hal_tim_ex.o
                0x0000000020003214                HAL_TIMEx_MasterConfigSynchronization
 .text.HAL_TIMEx_CommutCallback
                0x000000002000330c       0x14 ./Drivers/STM32F4xx_HAL_Driver/stm32f4xx_hal_tim_ex.o
                0x000000002000330c                HAL_TIMEx_CommutCallback
 .text.HAL_TIMEx_BreakCallback
                0x0000000020003320       0x14 ./Drivers/STM32F4xx_HAL_Driver/stm32f4xx_hal_tim_ex.o
                0x0000000020003320                HAL_TIMEx_BreakCallback
 .text.HAL_UART_Init
                0x0000000020003334       0xa0 ./Drivers/STM32F4xx_HAL_Driver/stm32f4xx_hal_uart.o
                0x0000000020003334                HAL_UART_Init
 .text.UART_SetConfig
                0x00000000200033d4      0x4e8 ./Drivers/STM32F4xx_HAL_Driver/stm32f4xx_hal_uart.o
 .text.Reset_Handler
                0x00000000200038bc       0x50 ./Example/Startup/startup_stm32f446zetx.o
                0x00000000200038bc                Reset_Handler
 .text.Default_Handler
                0x000000002000390c        0x2 ./Example/Startup/startup_stm32f446zetx.o
                0x000000002000390c                RTC_Alarm_IRQHandler
                0x000000002000390c                EXTI2_IRQHandler
                0x000000002000390c                TIM8_CC_IRQHandler
                0x000000002000390c                FMPI2C1_EV_IRQHandler
                0x000000002000390c                SPI4_IRQHandler
                0x000000002000390c                TIM1_CC_IRQHandler
                0x000000002000390c                DMA2_Stream5_IRQHandler
                0x000000002000390c                DMA1_Stream5_IRQHandler
                0x000000002000390c                PVD_IRQHandler
                0x000000002000390c                SDIO_IRQHandler
                0x000000002000390c                TAMP_STAMP_IRQHandler
                0x000000002000390c                CAN2_RX1_IRQHandler
                0x000000002000390c                EXTI3_IRQHandler
                0x000000002000390c                TIM8_TRG_COM_TIM14_IRQHandler
                0x000000002000390c                TIM1_UP_TIM10_IRQHandler
                0x000000002000390c                TIM8_UP_TIM13_IRQHandler
                0x000000002000390c                I2C3_ER_IRQHandler
                0x000000002000390c                EXTI0_IRQHandler
                0x000000002000390c                I2C2_EV_IRQHandler
                0x000000002000390c                DMA1_Stream2_IRQHandler
                0x000000002000390c                CAN1_RX0_IRQHandler
                0x000000002000390c                FPU_IRQHandler
                0x000000002000390c                OTG_HS_WKUP_IRQHandler
                0x000000002000390c                CAN2_SCE_IRQHandler
                0x000000002000390c                DMA2_Stream2_IRQHandler
                0x000000002000390c                SPI1_IRQHandler
                0x000000002000390c                TIM6_DAC_IRQHandler
                0x000000002000390c                TIM1_BRK_TIM9_IRQHandler
                0x000000002000390c                DCMI_IRQHandler
                0x000000002000390c                CAN2_RX0_IRQHandler
                0x000000002000390c                DMA2_Stream3_IRQHandler
                0x000000002000390c                SAI2_IRQHandler
                0x000000002000390c                USART6_IRQHandler
                0x000000002000390c                USART3_IRQHandler
                0x000000002000390c                CAN1_RX1_IRQHandler
                0x000000002000390c                UART5_IRQHandler
                0x000000002000390c                DMA2_Stream0_IRQHandler
                0x000000002000390c                TIM4_IRQHandler
                0x000000002000390c                QUADSPI_IRQHandler
                0x000000002000390c                I2C1_EV_IRQHandler
                0x000000002000390c                DMA1_Stream6_IRQHandler
                0x000000002000390c                DMA1_Stream1_IRQHandler
                0x000000002000390c                UART4_IRQHandler
                0x000000002000390c                TIM3_IRQHandler
                0x000000002000390c                RCC_IRQHandler
                0x000000002000390c                TIM8_BRK_TIM12_IRQHandler
                0x000000002000390c                Default_Handler
                0x000000002000390c                CEC_IRQHandler
                0x000000002000390c                EXTI15_10_IRQHandler
                0x000000002000390c                ADC_IRQHandler
                0x000000002000390c                DMA1_Stream7_IRQHandler
                0x000000002000390c                CAN2_TX_IRQHandler
                0x000000002000390c                TIM5_IRQHandler
                0x000000002000390c                DMA2_Stream7_IRQHandler
                0x000000002000390c                I2C3_EV_IRQHandler
                0x000000002000390c                EXTI9_5_IRQHandler
                0x000000002000390c                RTC_WKUP_IRQHandler
                0x000000002000390c                SPDIF_RX_IRQHandler
                0x000000002000390c                SPI2_IRQHandler
                0x000000002000390c                OTG_HS_EP1_IN_IRQHandler
                0x000000002000390c                DMA1_Stream0_IRQHandler
                0x000000002000390c                CAN1_TX_IRQHandler
                0x000000002000390c                FMPI2C1_ER_IRQHandler
                0x000000002000390c                EXTI4_IRQHandler
                0x000000002000390c                OTG_HS_EP1_OUT_IRQHandler
                0x000000002000390c                WWDG_IRQHandler
                0x000000002000390c                TIM2_IRQHandler
                0x000000002000390c                OTG_FS_WKUP_IRQHandler
                0x000000002000390c                TIM1_TRG_COM_TIM11_IRQHandler
                0x000000002000390c                OTG_HS_IRQHandler
                0x000000002000390c                EXTI1_IRQHandler
                0x000000002000390c                USART2_IRQHandler
                0x000000002000390c                I2C2_ER_IRQHandler
                0x000000002000390c                DMA2_Stream1_IRQHandler
                0x000000002000390c                CAN1_SCE_IRQHandler
                0x000000002000390c                FLASH_IRQHandler
                0x000000002000390c                DMA2_Stream4_IRQHandler
                0x000000002000390c                USART1_IRQHandler
                0x000000002000390c                OTG_FS_IRQHandler
                0x000000002000390c                SPI3_IRQHandler
                0x000000002000390c                DMA1_Stream4_IRQHandler
                0x000000002000390c                I2C1_ER_IRQHandler
                0x000000002000390c                FMC_IRQHandler
                0x000000002000390c                DMA2_Stream6_IRQHandler
                0x000000002000390c                SAI1_IRQHandler
                0x000000002000390c                DMA1_Stream3_IRQHandler
 .text.HEXQueueInit
                0x000000002000390e       0x28 ./Example/User/main.o
                0x000000002000390e                HEXQueueInit
 .text.HEXQueueFixBounds
                0x0000000020003936       0x4e ./Example/User/main.o
                0x0000000020003936                HEXQueueFixBounds
 .text.HEXQueueAdd
                0x0000000020003984       0x5a ./Example/User/main.o
                0x0000000020003984                HEXQueueAdd
 *fill*         0x00000000200039de        0x2 
 .text.HEXQueueGetIdx
                0x00000000200039e0       0x44 ./Example/User/main.o
                0x00000000200039e0                HEXQueueGetIdx
 .text.HEXQueueExtractHex
                0x0000000020003a24       0xf2 ./Example/User/main.o
                0x0000000020003a24                HEXQueueExtractHex
 *fill*         0x0000000020003b16        0x2 
 .text.MX_TIM7_Init
                0x0000000020003b18       0x68 ./Example/User/main.o
 .text.TinyBLInit
                0x0000000020003b80      0x12c ./Example/User/main.o
                0x0000000020003b80                TinyBLInit
 .text.FlashEraseSectorIfNeeded
                0x0000000020003cac       0x98 ./Example/User/main.o
                0x0000000020003cac                FlashEraseSectorIfNeeded
 .text.ProcessHexFlash
                0x0000000020003d44       0xb8 ./Example/User/main.o
                0x0000000020003d44                ProcessHexFlash
 .text.main     0x0000000020003dfc      0x1d4 ./Example/User/main.o
                0x0000000020003dfc                main
 .text.GetSector
                0x0000000020003fd0       0xd4 ./Example/User/main.o
 .text.GetSectorSize
                0x00000000200040a4       0x4e ./Example/User/main.o
 *fill*         0x00000000200040f2        0x2 
 .text.HAL_TIM_PeriodElapsedCallback
                0x00000000200040f4       0x28 ./Example/User/main.o
                0x00000000200040f4                HAL_TIM_PeriodElapsedCallback
 .text.HAL_UART_MspInit
                0x000000002000411c       0xa4 ./Example/User/stm32f4xx_hal_msp.o
                0x000000002000411c                HAL_UART_MspInit
 .text.HAL_TIM_Base_MspInit
                0x00000000200041c0       0x50 ./Example/User/stm32f4xx_hal_msp.o
                0x00000000200041c0                HAL_TIM_Base_MspInit
 .text.NMI_Handler
                0x0000000020004210        0xe ./Example/User/stm32f4xx_it.o
                0x0000000020004210                NMI_Handler
 .text.HardFault_Handler
                0x000000002000421e        0x6 ./Example/User/stm32f4xx_it.o
                0x000000002000421e                HardFault_Handler
 .text.MemManage_Handler
                0x0000000020004224        0x6 ./Example/User/stm32f4xx_it.o
                0x0000000020004224                MemManage_Handler
 .text.BusFault_Handler
                0x000000002000422a        0x6 ./Example/User/stm32f4xx_it.o
                0x000000002000422a                BusFault_Handler
 .text.UsageFault_Handler
                0x0000000020004230        0x6 ./Example/User/stm32f4xx_it.o
                0x0000000020004230                UsageFault_Handler
 .text.SVC_Handler
                0x0000000020004236        0xe ./Example/User/stm32f4xx_it.o
                0x0000000020004236                SVC_Handler
 .text.DebugMon_Handler
                0x0000000020004244        0xe ./Example/User/stm32f4xx_it.o
                0x0000000020004244                DebugMon_Handler
 .text.PendSV_Handler
                0x0000000020004252        0xe ./Example/User/stm32f4xx_it.o
                0x0000000020004252                PendSV_Handler
 .text.SysTick_Handler
                0x0000000020004260        0xc ./Example/User/stm32f4xx_it.o
                0x0000000020004260                SysTick_Handler
 .text.TIM7_IRQHandler
                0x000000002000426c       0x14 ./Example/User/stm32f4xx_it.o
                0x000000002000426c                TIM7_IRQHandler
 .text.memset   0x0000000020004280       0x10 C:/ST/STM32CubeIDE_1.14.1/STM32CubeIDE/plugins/com.st.stm32cube.ide.mcu.externaltools.gnu-tools-for-stm32.11.3.rel1.win32_1.1.100.202309141235/tools/bin/../lib/gcc/arm-none-eabi/11.3.1/../../../../arm-none-eabi/lib/thumb/v7e-m+fp/hard\libc_nano.a(libc_a-memset.o)
                0x0000000020004280                memset
 .text.__libc_init_array
                0x0000000020004290       0x48 C:/ST/STM32CubeIDE_1.14.1/STM32CubeIDE/plugins/com.st.stm32cube.ide.mcu.externaltools.gnu-tools-for-stm32.11.3.rel1.win32_1.1.100.202309141235/tools/bin/../lib/gcc/arm-none-eabi/11.3.1/../../../../arm-none-eabi/lib/thumb/v7e-m+fp/hard\libc_nano.a(libc_a-init.o)
                0x0000000020004290                __libc_init_array
 *(.glue_7)
 .glue_7        0x00000000200042d8        0x0 linker stubs
 *(.glue_7t)
 .glue_7t       0x00000000200042d8        0x0 linker stubs
 *(.eh_frame)
 .eh_frame      0x00000000200042d8        0x0 C:/ST/STM32CubeIDE_1.14.1/STM32CubeIDE/plugins/com.st.stm32cube.ide.mcu.externaltools.gnu-tools-for-stm32.11.3.rel1.win32_1.1.100.202309141235/tools/bin/../lib/gcc/arm-none-eabi/11.3.1/thumb/v7e-m+fp/hard/crtbegin.o
 *(.init)
 .init          0x00000000200042d8        0x4 C:/ST/STM32CubeIDE_1.14.1/STM32CubeIDE/plugins/com.st.stm32cube.ide.mcu.externaltools.gnu-tools-for-stm32.11.3.rel1.win32_1.1.100.202309141235/tools/bin/../lib/gcc/arm-none-eabi/11.3.1/thumb/v7e-m+fp/hard/crti.o
                0x00000000200042d8                _init
 .init          0x00000000200042dc        0x8 C:/ST/STM32CubeIDE_1.14.1/STM32CubeIDE/plugins/com.st.stm32cube.ide.mcu.externaltools.gnu-tools-for-stm32.11.3.rel1.win32_1.1.100.202309141235/tools/bin/../lib/gcc/arm-none-eabi/11.3.1/thumb/v7e-m+fp/hard/crtn.o
 *(.fini)
 .fini          0x00000000200042e4        0x4 C:/ST/STM32CubeIDE_1.14.1/STM32CubeIDE/plugins/com.st.stm32cube.ide.mcu.externaltools.gnu-tools-for-stm32.11.3.rel1.win32_1.1.100.202309141235/tools/bin/../lib/gcc/arm-none-eabi/11.3.1/thumb/v7e-m+fp/hard/crti.o
                0x00000000200042e4                _fini
 .fini          0x00000000200042e8        0x8 C:/ST/STM32CubeIDE_1.14.1/STM32CubeIDE/plugins/com.st.stm32cube.ide.mcu.externaltools.gnu-tools-for-stm32.11.3.rel1.win32_1.1.100.202309141235/tools/bin/../lib/gcc/arm-none-eabi/11.3.1/thumb/v7e-m+fp/hard/crtn.o
                0x00000000200042f0                . = ALIGN (0x4)
                0x00000000200042f0                _etext = .

.vfp11_veneer   0x00000000200042f0        0x0
 .vfp11_veneer  0x00000000200042f0        0x0 linker stubs

.v4_bx          0x00000000200042f0        0x0
 .v4_bx         0x00000000200042f0        0x0 linker stubs

.iplt           0x00000000200042f0        0x0
 .iplt          0x00000000200042f0        0x0 C:/ST/STM32CubeIDE_1.14.1/STM32CubeIDE/plugins/com.st.stm32cube.ide.mcu.externaltools.gnu-tools-for-stm32.11.3.rel1.win32_1.1.100.202309141235/tools/bin/../lib/gcc/arm-none-eabi/11.3.1/thumb/v7e-m+fp/hard/crtbegin.o

.rodata         0x00000000200042f0       0x54
                0x00000000200042f0                . = ALIGN (0x4)
 *(.rodata)
 .rodata        0x00000000200042f0       0x32 ./Example/User/main.o
 *(.rodata*)
 *fill*         0x0000000020004322        0x2 
 .rodata.GPIO_PIN
                0x0000000020004324        0x6 ./Drivers/BSP/STM32F4xx_Nucleo_144/stm32f4xx_nucleo_144.o
                0x0000000020004324                GPIO_PIN
 *fill*         0x000000002000432a        0x2 
 .rodata.AHBPrescTable
                0x000000002000432c       0x10 ./Drivers/CMSIS/system_stm32f4xx.o
                0x000000002000432c                AHBPrescTable
 .rodata.APBPrescTable
                0x000000002000433c        0x8 ./Drivers/CMSIS/system_stm32f4xx.o
                0x000000002000433c                APBPrescTable
                0x0000000020004344                . = ALIGN (0x4)

.ARM.extab      0x0000000020004344        0x0
                0x0000000020004344                . = ALIGN (0x4)
 *(.ARM.extab* .gnu.linkonce.armextab.*)
                0x0000000020004344                . = ALIGN (0x4)

.ARM            0x0000000020004344        0x8
                0x0000000020004344                . = ALIGN (0x4)
                0x0000000020004344                __exidx_start = .
 *(.ARM.exidx*)
 .ARM.exidx     0x0000000020004344        0x8 C:/ST/STM32CubeIDE_1.14.1/STM32CubeIDE/plugins/com.st.stm32cube.ide.mcu.externaltools.gnu-tools-for-stm32.11.3.rel1.win32_1.1.100.202309141235/tools/bin/../lib/gcc/arm-none-eabi/11.3.1/thumb/v7e-m+fp/hard\libgcc.a(_udivmoddi4.o)
                0x000000002000434c                __exidx_end = .
                0x000000002000434c                . = ALIGN (0x4)

.rel.dyn        0x000000002000434c        0x0
 .rel.iplt      0x000000002000434c        0x0 C:/ST/STM32CubeIDE_1.14.1/STM32CubeIDE/plugins/com.st.stm32cube.ide.mcu.externaltools.gnu-tools-for-stm32.11.3.rel1.win32_1.1.100.202309141235/tools/bin/../lib/gcc/arm-none-eabi/11.3.1/thumb/v7e-m+fp/hard/crtbegin.o

.preinit_array  0x000000002000434c        0x0
                0x000000002000434c                . = ALIGN (0x4)
                0x000000002000434c                PROVIDE (__preinit_array_start = .)
 *(.preinit_array*)
                0x000000002000434c                PROVIDE (__preinit_array_end = .)
                0x000000002000434c                . = ALIGN (0x4)

.init_array     0x000000002000434c        0x4
                0x000000002000434c                . = ALIGN (0x4)
                0x000000002000434c                PROVIDE (__init_array_start = .)
 *(SORT_BY_NAME(.init_array.*))
 *(.init_array*)
 .init_array    0x000000002000434c        0x4 C:/ST/STM32CubeIDE_1.14.1/STM32CubeIDE/plugins/com.st.stm32cube.ide.mcu.externaltools.gnu-tools-for-stm32.11.3.rel1.win32_1.1.100.202309141235/tools/bin/../lib/gcc/arm-none-eabi/11.3.1/thumb/v7e-m+fp/hard/crtbegin.o
                0x0000000020004350                PROVIDE (__init_array_end = .)
                0x0000000020004350                . = ALIGN (0x4)

.fini_array     0x0000000020004350        0x4
                0x0000000020004350                . = ALIGN (0x4)
                [!provide]                        PROVIDE (__fini_array_start = .)
 *(SORT_BY_NAME(.fini_array.*))
 *(.fini_array*)
 .fini_array    0x0000000020004350        0x4 C:/ST/STM32CubeIDE_1.14.1/STM32CubeIDE/plugins/com.st.stm32cube.ide.mcu.externaltools.gnu-tools-for-stm32.11.3.rel1.win32_1.1.100.202309141235/tools/bin/../lib/gcc/arm-none-eabi/11.3.1/thumb/v7e-m+fp/hard/crtbegin.o
                [!provide]                        PROVIDE (__fini_array_end = .)
                0x0000000020004354                . = ALIGN (0x4)
                0x0000000020004354                _sidata = LOADADDR (.data)

.data           0x0000000020004354       0x18
                0x0000000020004354                . = ALIGN (0x4)
                0x0000000020004354                _sdata = .
 *(.data)
 *(.data*)
 .data.GPIO_PORT
                0x0000000020004354        0xc ./Drivers/BSP/STM32F4xx_Nucleo_144/stm32f4xx_nucleo_144.o
                0x0000000020004354                GPIO_PORT
 .data.SystemCoreClock
                0x0000000020004360        0x4 ./Drivers/CMSIS/system_stm32f4xx.o
                0x0000000020004360                SystemCoreClock
 .data.uwTickPrio
                0x0000000020004364        0x4 ./Drivers/STM32F4xx_HAL_Driver/stm32f4xx_hal.o
                0x0000000020004364                uwTickPrio
 .data.uwTickFreq
                0x0000000020004368        0x1 ./Drivers/STM32F4xx_HAL_Driver/stm32f4xx_hal.o
                0x0000000020004368                uwTickFreq
 *(.RamFunc)
 *(.RamFunc*)
                0x000000002000436c                . = ALIGN (0x4)
 *fill*         0x0000000020004369        0x3 
                0x000000002000436c                _edata = .

.igot.plt       0x000000002000436c        0x0
 .igot.plt      0x000000002000436c        0x0 C:/ST/STM32CubeIDE_1.14.1/STM32CubeIDE/plugins/com.st.stm32cube.ide.mcu.externaltools.gnu-tools-for-stm32.11.3.rel1.win32_1.1.100.202309141235/tools/bin/../lib/gcc/arm-none-eabi/11.3.1/thumb/v7e-m+fp/hard/crtbegin.o
                0x000000002000436c                . = ALIGN (0x4)

.bss            0x000000002000436c      0x180
                0x000000002000436c                _sbss = .
                0x000000002000436c                __bss_start__ = _sbss
 *(.bss)
 .bss           0x000000002000436c       0x1c C:/ST/STM32CubeIDE_1.14.1/STM32CubeIDE/plugins/com.st.stm32cube.ide.mcu.externaltools.gnu-tools-for-stm32.11.3.rel1.win32_1.1.100.202309141235/tools/bin/../lib/gcc/arm-none-eabi/11.3.1/thumb/v7e-m+fp/hard/crtbegin.o
 *(.bss*)
 .bss.uwTick    0x0000000020004388        0x4 ./Drivers/STM32F4xx_HAL_Driver/stm32f4xx_hal.o
                0x0000000020004388                uwTick
 .bss.pFlash    0x000000002000438c       0x20 ./Drivers/STM32F4xx_HAL_Driver/stm32f4xx_hal_flash.o
                0x000000002000438c                pFlash
 .bss.FirstSector
                0x00000000200043ac        0x4 ./Example/User/main.o
                0x00000000200043ac                FirstSector
 .bss.NbOfSectors
                0x00000000200043b0        0x4 ./Example/User/main.o
                0x00000000200043b0                NbOfSectors
 .bss.SECTORError
                0x00000000200043b4        0x4 ./Example/User/main.o
                0x00000000200043b4                SECTORError
 .bss.UartHandle
                0x00000000200043b8       0x48 ./Example/User/main.o
                0x00000000200043b8                UartHandle
 .bss.EraseInitStruct
                0x0000000020004400       0x14 ./Example/User/main.o
 .bss.htim7     0x0000000020004414       0x48 ./Example/User/main.o
                0x0000000020004414                htim7
 .bss.erasedSectors
                0x000000002000445c       0x20 ./Example/User/main.o
                0x000000002000445c                erasedSectors
 .bss.erasedSectorsLen
                0x000000002000447c        0x1 ./Example/User/main.o
                0x000000002000447c                erasedSectorsLen
 *fill*         0x000000002000447d        0x3 
 .bss.hexBuf    0x0000000020004480       0x64 ./Example/User/main.o
                0x0000000020004480                hexBuf
 .bss.addrOffset
                0x00000000200044e4        0x4 ./Example/User/main.o
                0x00000000200044e4                addrOffset
 .bss.recMsgCount
                0x00000000200044e8        0x4 ./Example/User/main.o
                0x00000000200044e8                recMsgCount
 *(COMMON)
                0x00000000200044ec                . = ALIGN (0x4)
                0x00000000200044ec                _ebss = .
                0x00000000200044ec                __bss_end__ = _ebss

._user_heap_stack
                0x00000000200044ec      0x604
                0x00000000200044f0                . = ALIGN (0x8)
 *fill*         0x00000000200044ec        0x4 
                [!provide]                        PROVIDE (end = .)
                0x00000000200044f0                PROVIDE (_end = .)
                0x00000000200046f0                . = (. + _Min_Heap_Size)
 *fill*         0x00000000200044f0      0x200 
                0x0000000020004af0                . = (. + _Min_Stack_Size)
 *fill*         0x00000000200046f0      0x400 
                0x0000000020004af0                . = ALIGN (0x8)

/DISCARD/
 libc.a(*)
 libm.a(*)
 libgcc.a(*)

.ARM.attributes
                0x0000000000000000       0x30
 *(.ARM.attributes)
 .ARM.attributes
                0x0000000000000000       0x1e C:/ST/STM32CubeIDE_1.14.1/STM32CubeIDE/plugins/com.st.stm32cube.ide.mcu.externaltools.gnu-tools-for-stm32.11.3.rel1.win32_1.1.100.202309141235/tools/bin/../lib/gcc/arm-none-eabi/11.3.1/thumb/v7e-m+fp/hard/crti.o
 .ARM.attributes
                0x000000000000001e       0x34 C:/ST/STM32CubeIDE_1.14.1/STM32CubeIDE/plugins/com.st.stm32cube.ide.mcu.externaltools.gnu-tools-for-stm32.11.3.rel1.win32_1.1.100.202309141235/tools/bin/../lib/gcc/arm-none-eabi/11.3.1/thumb/v7e-m+fp/hard/crtbegin.o
 .ARM.attributes
                0x0000000000000052       0x34 ./Drivers/BSP/STM32F4xx_Nucleo_144/stm32f4xx_nucleo_144.o
 .ARM.attributes
                0x0000000000000086       0x34 ./Drivers/CMSIS/system_stm32f4xx.o
 .ARM.attributes
                0x00000000000000ba       0x34 ./Drivers/STM32F4xx_HAL_Driver/stm32f4xx_hal.o
 .ARM.attributes
                0x00000000000000ee       0x34 ./Drivers/STM32F4xx_HAL_Driver/stm32f4xx_hal_cortex.o
 .ARM.attributes
                0x0000000000000122       0x34 ./Drivers/STM32F4xx_HAL_Driver/stm32f4xx_hal_flash.o
 .ARM.attributes
                0x0000000000000156       0x34 ./Drivers/STM32F4xx_HAL_Driver/stm32f4xx_hal_flash_ex.o
 .ARM.attributes
                0x000000000000018a       0x34 ./Drivers/STM32F4xx_HAL_Driver/stm32f4xx_hal_gpio.o
 .ARM.attributes
                0x00000000000001be       0x34 ./Drivers/STM32F4xx_HAL_Driver/stm32f4xx_hal_pwr_ex.o
 .ARM.attributes
                0x00000000000001f2       0x34 ./Drivers/STM32F4xx_HAL_Driver/stm32f4xx_hal_rcc.o
 .ARM.attributes
                0x0000000000000226       0x34 ./Drivers/STM32F4xx_HAL_Driver/stm32f4xx_hal_tim.o
 .ARM.attributes
                0x000000000000025a       0x34 ./Drivers/STM32F4xx_HAL_Driver/stm32f4xx_hal_tim_ex.o
 .ARM.attributes
                0x000000000000028e       0x34 ./Drivers/STM32F4xx_HAL_Driver/stm32f4xx_hal_uart.o
 .ARM.attributes
                0x00000000000002c2       0x21 ./Example/Startup/startup_stm32f446zetx.o
 .ARM.attributes
                0x00000000000002e3       0x34 ./Example/User/main.o
 .ARM.attributes
                0x0000000000000317       0x34 ./Example/User/stm32f4xx_hal_msp.o
 .ARM.attributes
                0x000000000000034b       0x34 ./Example/User/stm32f4xx_it.o
 .ARM.attributes
                0x000000000000037f       0x34 C:/ST/STM32CubeIDE_1.14.1/STM32CubeIDE/plugins/com.st.stm32cube.ide.mcu.externaltools.gnu-tools-for-stm32.11.3.rel1.win32_1.1.100.202309141235/tools/bin/../lib/gcc/arm-none-eabi/11.3.1/../../../../arm-none-eabi/lib/thumb/v7e-m+fp/hard\libc_nano.a(libc_a-memset.o)
 .ARM.attributes
                0x00000000000003b3       0x34 C:/ST/STM32CubeIDE_1.14.1/STM32CubeIDE/plugins/com.st.stm32cube.ide.mcu.externaltools.gnu-tools-for-stm32.11.3.rel1.win32_1.1.100.202309141235/tools/bin/../lib/gcc/arm-none-eabi/11.3.1/../../../../arm-none-eabi/lib/thumb/v7e-m+fp/hard\libc_nano.a(libc_a-init.o)
 .ARM.attributes
                0x00000000000003e7       0x1e C:/ST/STM32CubeIDE_1.14.1/STM32CubeIDE/plugins/com.st.stm32cube.ide.mcu.externaltools.gnu-tools-for-stm32.11.3.rel1.win32_1.1.100.202309141235/tools/bin/../lib/gcc/arm-none-eabi/11.3.1/thumb/v7e-m+fp/hard\libgcc.a(_aeabi_uldivmod.o)
 .ARM.attributes
                0x0000000000000405       0x34 C:/ST/STM32CubeIDE_1.14.1/STM32CubeIDE/plugins/com.st.stm32cube.ide.mcu.externaltools.gnu-tools-for-stm32.11.3.rel1.win32_1.1.100.202309141235/tools/bin/../lib/gcc/arm-none-eabi/11.3.1/thumb/v7e-m+fp/hard\libgcc.a(_udivmoddi4.o)
 .ARM.attributes
                0x0000000000000439       0x1e C:/ST/STM32CubeIDE_1.14.1/STM32CubeIDE/plugins/com.st.stm32cube.ide.mcu.externaltools.gnu-tools-for-stm32.11.3.rel1.win32_1.1.100.202309141235/tools/bin/../lib/gcc/arm-none-eabi/11.3.1/thumb/v7e-m+fp/hard\libgcc.a(_dvmd_tls.o)
 .ARM.attributes
                0x0000000000000457       0x1e C:/ST/STM32CubeIDE_1.14.1/STM32CubeIDE/plugins/com.st.stm32cube.ide.mcu.externaltools.gnu-tools-for-stm32.11.3.rel1.win32_1.1.100.202309141235/tools/bin/../lib/gcc/arm-none-eabi/11.3.1/thumb/v7e-m+fp/hard/crtn.o
OUTPUT(FLASH_EraseProgram.elf elf32-littlearm)
LOAD linker stubs
LOAD C:/ST/STM32CubeIDE_1.14.1/STM32CubeIDE/plugins/com.st.stm32cube.ide.mcu.externaltools.gnu-tools-for-stm32.11.3.rel1.win32_1.1.100.202309141235/tools/bin/../lib/gcc/arm-none-eabi/11.3.1/../../../../arm-none-eabi/lib/thumb/v7e-m+fp/hard\libc.a
LOAD C:/ST/STM32CubeIDE_1.14.1/STM32CubeIDE/plugins/com.st.stm32cube.ide.mcu.externaltools.gnu-tools-for-stm32.11.3.rel1.win32_1.1.100.202309141235/tools/bin/../lib/gcc/arm-none-eabi/11.3.1/../../../../arm-none-eabi/lib/thumb/v7e-m+fp/hard\libm.a
LOAD C:/ST/STM32CubeIDE_1.14.1/STM32CubeIDE/plugins/com.st.stm32cube.ide.mcu.externaltools.gnu-tools-for-stm32.11.3.rel1.win32_1.1.100.202309141235/tools/bin/../lib/gcc/arm-none-eabi/11.3.1/thumb/v7e-m+fp/hard\libgcc.a

.comment        0x0000000000000000       0x43
 .comment       0x0000000000000000       0x43 C:/ST/STM32CubeIDE_1.14.1/STM32CubeIDE/plugins/com.st.stm32cube.ide.mcu.externaltools.gnu-tools-for-stm32.11.3.rel1.win32_1.1.100.202309141235/tools/bin/../lib/gcc/arm-none-eabi/11.3.1/thumb/v7e-m+fp/hard/crtbegin.o
                                         0x44 (size before relaxing)
 .comment       0x0000000000000043       0x44 ./Drivers/BSP/STM32F4xx_Nucleo_144/stm32f4xx_nucleo_144.o
 .comment       0x0000000000000043       0x44 ./Drivers/CMSIS/system_stm32f4xx.o
 .comment       0x0000000000000043       0x44 ./Drivers/STM32F4xx_HAL_Driver/stm32f4xx_hal.o
 .comment       0x0000000000000043       0x44 ./Drivers/STM32F4xx_HAL_Driver/stm32f4xx_hal_cortex.o
 .comment       0x0000000000000043       0x44 ./Drivers/STM32F4xx_HAL_Driver/stm32f4xx_hal_flash.o
 .comment       0x0000000000000043       0x44 ./Drivers/STM32F4xx_HAL_Driver/stm32f4xx_hal_flash_ex.o
 .comment       0x0000000000000043       0x44 ./Drivers/STM32F4xx_HAL_Driver/stm32f4xx_hal_gpio.o
 .comment       0x0000000000000043       0x44 ./Drivers/STM32F4xx_HAL_Driver/stm32f4xx_hal_pwr_ex.o
 .comment       0x0000000000000043       0x44 ./Drivers/STM32F4xx_HAL_Driver/stm32f4xx_hal_rcc.o
 .comment       0x0000000000000043       0x44 ./Drivers/STM32F4xx_HAL_Driver/stm32f4xx_hal_tim.o
 .comment       0x0000000000000043       0x44 ./Drivers/STM32F4xx_HAL_Driver/stm32f4xx_hal_tim_ex.o
 .comment       0x0000000000000043       0x44 ./Drivers/STM32F4xx_HAL_Driver/stm32f4xx_hal_uart.o
 .comment       0x0000000000000043       0x44 ./Example/User/main.o
 .comment       0x0000000000000043       0x44 ./Example/User/stm32f4xx_hal_msp.o
 .comment       0x0000000000000043       0x44 ./Example/User/stm32f4xx_it.o

.debug_info     0x0000000000000000     0xe401
 .debug_info    0x0000000000000000      0x9aa ./Drivers/BSP/STM32F4xx_Nucleo_144/stm32f4xx_nucleo_144.o
 .debug_info    0x00000000000009aa      0x54a ./Drivers/CMSIS/system_stm32f4xx.o
 .debug_info    0x0000000000000ef4      0x99a ./Drivers/STM32F4xx_HAL_Driver/stm32f4xx_hal.o
 .debug_info    0x000000000000188e      0xd75 ./Drivers/STM32F4xx_HAL_Driver/stm32f4xx_hal_cortex.o
 .debug_info    0x0000000000002603      0x57d ./Drivers/STM32F4xx_HAL_Driver/stm32f4xx_hal_flash.o
 .debug_info    0x0000000000002b80      0x7db ./Drivers/STM32F4xx_HAL_Driver/stm32f4xx_hal_flash_ex.o
 .debug_info    0x000000000000335b      0x70b ./Drivers/STM32F4xx_HAL_Driver/stm32f4xx_hal_gpio.o
 .debug_info    0x0000000000003a66      0x6da ./Drivers/STM32F4xx_HAL_Driver/stm32f4xx_hal_pwr_ex.o
 .debug_info    0x0000000000004140      0x8ed ./Drivers/STM32F4xx_HAL_Driver/stm32f4xx_hal_rcc.o
 .debug_info    0x0000000000004a2d     0x299d ./Drivers/STM32F4xx_HAL_Driver/stm32f4xx_hal_tim.o
 .debug_info    0x00000000000073ca     0x14db ./Drivers/STM32F4xx_HAL_Driver/stm32f4xx_hal_tim_ex.o
 .debug_info    0x00000000000088a5     0x2f4f ./Drivers/STM32F4xx_HAL_Driver/stm32f4xx_hal_uart.o
 .debug_info    0x000000000000b7f4       0x23 ./Example/Startup/startup_stm32f446zetx.o
 .debug_info    0x000000000000b817     0x15ef ./Example/User/main.o
 .debug_info    0x000000000000ce06      0xf1a ./Example/User/stm32f4xx_hal_msp.o
 .debug_info    0x000000000000dd20      0x6e1 ./Example/User/stm32f4xx_it.o

.debug_abbrev   0x0000000000000000     0x22fa
 .debug_abbrev  0x0000000000000000      0x234 ./Drivers/BSP/STM32F4xx_Nucleo_144/stm32f4xx_nucleo_144.o
 .debug_abbrev  0x0000000000000234      0x11a ./Drivers/CMSIS/system_stm32f4xx.o
 .debug_abbrev  0x000000000000034e      0x214 ./Drivers/STM32F4xx_HAL_Driver/stm32f4xx_hal.o
 .debug_abbrev  0x0000000000000562      0x328 ./Drivers/STM32F4xx_HAL_Driver/stm32f4xx_hal_cortex.o
 .debug_abbrev  0x000000000000088a      0x28c ./Drivers/STM32F4xx_HAL_Driver/stm32f4xx_hal_flash.o
 .debug_abbrev  0x0000000000000b16      0x26c ./Drivers/STM32F4xx_HAL_Driver/stm32f4xx_hal_flash_ex.o
 .debug_abbrev  0x0000000000000d82      0x1d4 ./Drivers/STM32F4xx_HAL_Driver/stm32f4xx_hal_gpio.o
 .debug_abbrev  0x0000000000000f56      0x1cf ./Drivers/STM32F4xx_HAL_Driver/stm32f4xx_hal_pwr_ex.o
 .debug_abbrev  0x0000000000001125      0x2b6 ./Drivers/STM32F4xx_HAL_Driver/stm32f4xx_hal_rcc.o
 .debug_abbrev  0x00000000000013db      0x278 ./Drivers/STM32F4xx_HAL_Driver/stm32f4xx_hal_tim.o
 .debug_abbrev  0x0000000000001653      0x283 ./Drivers/STM32F4xx_HAL_Driver/stm32f4xx_hal_tim_ex.o
 .debug_abbrev  0x00000000000018d6      0x30e ./Drivers/STM32F4xx_HAL_Driver/stm32f4xx_hal_uart.o
 .debug_abbrev  0x0000000000001be4       0x12 ./Example/Startup/startup_stm32f446zetx.o
 .debug_abbrev  0x0000000000001bf6      0x394 ./Example/User/main.o
 .debug_abbrev  0x0000000000001f8a      0x1de ./Example/User/stm32f4xx_hal_msp.o
 .debug_abbrev  0x0000000000002168      0x192 ./Example/User/stm32f4xx_it.o

.debug_aranges  0x0000000000000000      0xdd0
 .debug_aranges
                0x0000000000000000       0x60 ./Drivers/BSP/STM32F4xx_Nucleo_144/stm32f4xx_nucleo_144.o
 .debug_aranges
                0x0000000000000060       0x28 ./Drivers/CMSIS/system_stm32f4xx.o
 .debug_aranges
                0x0000000000000088       0xf0 ./Drivers/STM32F4xx_HAL_Driver/stm32f4xx_hal.o
 .debug_aranges
                0x0000000000000178      0x120 ./Drivers/STM32F4xx_HAL_Driver/stm32f4xx_hal_cortex.o
 .debug_aranges
                0x0000000000000298       0xa0 ./Drivers/STM32F4xx_HAL_Driver/stm32f4xx_hal_flash.o
 .debug_aranges
                0x0000000000000338       0xc8 ./Drivers/STM32F4xx_HAL_Driver/stm32f4xx_hal_flash_ex.o
 .debug_aranges
                0x0000000000000400       0x58 ./Drivers/STM32F4xx_HAL_Driver/stm32f4xx_hal_gpio.o
 .debug_aranges
                0x0000000000000458       0x60 ./Drivers/STM32F4xx_HAL_Driver/stm32f4xx_hal_pwr_ex.o
 .debug_aranges
                0x00000000000004b8       0x88 ./Drivers/STM32F4xx_HAL_Driver/stm32f4xx_hal_rcc.o
 .debug_aranges
                0x0000000000000540      0x3d0 ./Drivers/STM32F4xx_HAL_Driver/stm32f4xx_hal_tim.o
 .debug_aranges
                0x0000000000000910      0x168 ./Drivers/STM32F4xx_HAL_Driver/stm32f4xx_hal_tim_ex.o
 .debug_aranges
                0x0000000000000a78      0x208 ./Drivers/STM32F4xx_HAL_Driver/stm32f4xx_hal_uart.o
 .debug_aranges
                0x0000000000000c80       0x28 ./Example/Startup/startup_stm32f446zetx.o
 .debug_aranges
                0x0000000000000ca8       0x90 ./Example/User/main.o
 .debug_aranges
                0x0000000000000d38       0x30 ./Example/User/stm32f4xx_hal_msp.o
 .debug_aranges
                0x0000000000000d68       0x68 ./Example/User/stm32f4xx_it.o

.debug_rnglists
                0x0000000000000000      0xaeb
 .debug_rnglists
                0x0000000000000000       0x45 ./Drivers/BSP/STM32F4xx_Nucleo_144/stm32f4xx_nucleo_144.o
 .debug_rnglists
                0x0000000000000045       0x1a ./Drivers/CMSIS/system_stm32f4xx.o
 .debug_rnglists
                0x000000000000005f       0xaf ./Drivers/STM32F4xx_HAL_Driver/stm32f4xx_hal.o
 .debug_rnglists
                0x000000000000010e       0xd4 ./Drivers/STM32F4xx_HAL_Driver/stm32f4xx_hal_cortex.o
 .debug_rnglists
                0x00000000000001e2       0x78 ./Drivers/STM32F4xx_HAL_Driver/stm32f4xx_hal_flash.o
 .debug_rnglists
                0x000000000000025a       0x96 ./Drivers/STM32F4xx_HAL_Driver/stm32f4xx_hal_flash_ex.o
 .debug_rnglists
                0x00000000000002f0       0x3f ./Drivers/STM32F4xx_HAL_Driver/stm32f4xx_hal_gpio.o
 .debug_rnglists
                0x000000000000032f       0x47 ./Drivers/STM32F4xx_HAL_Driver/stm32f4xx_hal_pwr_ex.o
 .debug_rnglists
                0x0000000000000376       0x66 ./Drivers/STM32F4xx_HAL_Driver/stm32f4xx_hal_rcc.o
 .debug_rnglists
                0x00000000000003dc      0x31a ./Drivers/STM32F4xx_HAL_Driver/stm32f4xx_hal_tim.o
 .debug_rnglists
                0x00000000000006f6      0x125 ./Drivers/STM32F4xx_HAL_Driver/stm32f4xx_hal_tim_ex.o
 .debug_rnglists
                0x000000000000081b      0x1bc ./Drivers/STM32F4xx_HAL_Driver/stm32f4xx_hal_uart.o
 .debug_rnglists
                0x00000000000009d7       0x19 ./Example/Startup/startup_stm32f446zetx.o
 .debug_rnglists
                0x00000000000009f0       0x92 ./Example/User/main.o
 .debug_rnglists
                0x0000000000000a82       0x20 ./Example/User/stm32f4xx_hal_msp.o
 .debug_rnglists
                0x0000000000000aa2       0x49 ./Example/User/stm32f4xx_it.o

.debug_macro    0x0000000000000000    0x224ef
 .debug_macro   0x0000000000000000      0x260 ./Drivers/BSP/STM32F4xx_Nucleo_144/stm32f4xx_nucleo_144.o
 .debug_macro   0x0000000000000260      0xaae ./Drivers/BSP/STM32F4xx_Nucleo_144/stm32f4xx_nucleo_144.o
 .debug_macro   0x0000000000000d0e      0x1c3 ./Drivers/BSP/STM32F4xx_Nucleo_144/stm32f4xx_nucleo_144.o
 .debug_macro   0x0000000000000ed1       0x2e ./Drivers/BSP/STM32F4xx_Nucleo_144/stm32f4xx_nucleo_144.o
 .debug_macro   0x0000000000000eff       0x28 ./Drivers/BSP/STM32F4xx_Nucleo_144/stm32f4xx_nucleo_144.o
 .debug_macro   0x0000000000000f27       0x22 ./Drivers/BSP/STM32F4xx_Nucleo_144/stm32f4xx_nucleo_144.o
 .debug_macro   0x0000000000000f49       0x8e ./Drivers/BSP/STM32F4xx_Nucleo_144/stm32f4xx_nucleo_144.o
 .debug_macro   0x0000000000000fd7       0x51 ./Drivers/BSP/STM32F4xx_Nucleo_144/stm32f4xx_nucleo_144.o
 .debug_macro   0x0000000000001028      0x103 ./Drivers/BSP/STM32F4xx_Nucleo_144/stm32f4xx_nucleo_144.o
 .debug_macro   0x000000000000112b       0x6a ./Drivers/BSP/STM32F4xx_Nucleo_144/stm32f4xx_nucleo_144.o
 .debug_macro   0x0000000000001195      0x1df ./Drivers/BSP/STM32F4xx_Nucleo_144/stm32f4xx_nucleo_144.o
 .debug_macro   0x0000000000001374       0x1c ./Drivers/BSP/STM32F4xx_Nucleo_144/stm32f4xx_nucleo_144.o
 .debug_macro   0x0000000000001390       0x22 ./Drivers/BSP/STM32F4xx_Nucleo_144/stm32f4xx_nucleo_144.o
 .debug_macro   0x00000000000013b2       0xfb ./Drivers/BSP/STM32F4xx_Nucleo_144/stm32f4xx_nucleo_144.o
 .debug_macro   0x00000000000014ad     0x1011 ./Drivers/BSP/STM32F4xx_Nucleo_144/stm32f4xx_nucleo_144.o
 .debug_macro   0x00000000000024be      0x11f ./Drivers/BSP/STM32F4xx_Nucleo_144/stm32f4xx_nucleo_144.o
 .debug_macro   0x00000000000025dd    0x16749 ./Drivers/BSP/STM32F4xx_Nucleo_144/stm32f4xx_nucleo_144.o
 .debug_macro   0x0000000000018d26       0x6d ./Drivers/BSP/STM32F4xx_Nucleo_144/stm32f4xx_nucleo_144.o
 .debug_macro   0x0000000000018d93     0x368c ./Drivers/BSP/STM32F4xx_Nucleo_144/stm32f4xx_nucleo_144.o
 .debug_macro   0x000000000001c41f      0x174 ./Drivers/BSP/STM32F4xx_Nucleo_144/stm32f4xx_nucleo_144.o
 .debug_macro   0x000000000001c593       0x5c ./Drivers/BSP/STM32F4xx_Nucleo_144/stm32f4xx_nucleo_144.o
 .debug_macro   0x000000000001c5ef      0xca5 ./Drivers/BSP/STM32F4xx_Nucleo_144/stm32f4xx_nucleo_144.o
 .debug_macro   0x000000000001d294      0x9e9 ./Drivers/BSP/STM32F4xx_Nucleo_144/stm32f4xx_nucleo_144.o
 .debug_macro   0x000000000001dc7d      0x115 ./Drivers/BSP/STM32F4xx_Nucleo_144/stm32f4xx_nucleo_144.o
 .debug_macro   0x000000000001dd92      0x1a0 ./Drivers/BSP/STM32F4xx_Nucleo_144/stm32f4xx_nucleo_144.o
 .debug_macro   0x000000000001df32       0xa5 ./Drivers/BSP/STM32F4xx_Nucleo_144/stm32f4xx_nucleo_144.o
 .debug_macro   0x000000000001dfd7      0x287 ./Drivers/BSP/STM32F4xx_Nucleo_144/stm32f4xx_nucleo_144.o
 .debug_macro   0x000000000001e25e       0x5f ./Drivers/BSP/STM32F4xx_Nucleo_144/stm32f4xx_nucleo_144.o
 .debug_macro   0x000000000001e2bd      0x236 ./Drivers/BSP/STM32F4xx_Nucleo_144/stm32f4xx_nucleo_144.o
 .debug_macro   0x000000000001e4f3       0x7b ./Drivers/BSP/STM32F4xx_Nucleo_144/stm32f4xx_nucleo_144.o
 .debug_macro   0x000000000001e56e      0x1d2 ./Drivers/BSP/STM32F4xx_Nucleo_144/stm32f4xx_nucleo_144.o
 .debug_macro   0x000000000001e740      0x132 ./Drivers/BSP/STM32F4xx_Nucleo_144/stm32f4xx_nucleo_144.o
 .debug_macro   0x000000000001e872      0x29c ./Drivers/BSP/STM32F4xx_Nucleo_144/stm32f4xx_nucleo_144.o
 .debug_macro   0x000000000001eb0e       0x2e ./Drivers/BSP/STM32F4xx_Nucleo_144/stm32f4xx_nucleo_144.o
 .debug_macro   0x000000000001eb3c      0x51d ./Drivers/BSP/STM32F4xx_Nucleo_144/stm32f4xx_nucleo_144.o
 .debug_macro   0x000000000001f059      0x1b5 ./Drivers/BSP/STM32F4xx_Nucleo_144/stm32f4xx_nucleo_144.o
 .debug_macro   0x000000000001f20e       0x22 ./Drivers/BSP/STM32F4xx_Nucleo_144/stm32f4xx_nucleo_144.o
 .debug_macro   0x000000000001f230       0xd6 ./Drivers/BSP/STM32F4xx_Nucleo_144/stm32f4xx_nucleo_144.o
 .debug_macro   0x000000000001f306      0x127 ./Drivers/BSP/STM32F4xx_Nucleo_144/stm32f4xx_nucleo_144.o
 .debug_macro   0x000000000001f42d       0xe8 ./Drivers/BSP/STM32F4xx_Nucleo_144/stm32f4xx_nucleo_144.o
 .debug_macro   0x000000000001f515       0x89 ./Drivers/BSP/STM32F4xx_Nucleo_144/stm32f4xx_nucleo_144.o
 .debug_macro   0x000000000001f59e      0x8ed ./Drivers/BSP/STM32F4xx_Nucleo_144/stm32f4xx_nucleo_144.o
 .debug_macro   0x000000000001fe8b       0x53 ./Drivers/BSP/STM32F4xx_Nucleo_144/stm32f4xx_nucleo_144.o
 .debug_macro   0x000000000001fede      0x2aa ./Drivers/BSP/STM32F4xx_Nucleo_144/stm32f4xx_nucleo_144.o
 .debug_macro   0x0000000000020188      0x126 ./Drivers/BSP/STM32F4xx_Nucleo_144/stm32f4xx_nucleo_144.o
 .debug_macro   0x00000000000202ae      0x12f ./Drivers/BSP/STM32F4xx_Nucleo_144/stm32f4xx_nucleo_144.o
 .debug_macro   0x00000000000203dd      0x233 ./Drivers/CMSIS/system_stm32f4xx.o
 .debug_macro   0x0000000000020610      0x287 ./Drivers/STM32F4xx_HAL_Driver/stm32f4xx_hal.o
 .debug_macro   0x0000000000020897      0x227 ./Drivers/STM32F4xx_HAL_Driver/stm32f4xx_hal_cortex.o
 .debug_macro   0x0000000000020abe      0x22d ./Drivers/STM32F4xx_HAL_Driver/stm32f4xx_hal_flash.o
 .debug_macro   0x0000000000020ceb      0x22d ./Drivers/STM32F4xx_HAL_Driver/stm32f4xx_hal_flash_ex.o
 .debug_macro   0x0000000000020f18      0x22d ./Drivers/STM32F4xx_HAL_Driver/stm32f4xx_hal_gpio.o
 .debug_macro   0x0000000000021145      0x23f ./Drivers/STM32F4xx_HAL_Driver/stm32f4xx_hal_pwr_ex.o
 .debug_macro   0x0000000000021384      0x24b ./Drivers/STM32F4xx_HAL_Driver/stm32f4xx_hal_rcc.o
 .debug_macro   0x00000000000215cf      0x228 ./Drivers/STM32F4xx_HAL_Driver/stm32f4xx_hal_tim.o
 .debug_macro   0x00000000000217f7      0x227 ./Drivers/STM32F4xx_HAL_Driver/stm32f4xx_hal_tim_ex.o
 .debug_macro   0x0000000000021a1e      0x228 ./Drivers/STM32F4xx_HAL_Driver/stm32f4xx_hal_uart.o
 .debug_macro   0x0000000000021c46      0x260 ./Example/User/main.o
 .debug_macro   0x0000000000021ea6      0x135 ./Example/User/main.o
 .debug_macro   0x0000000000021fdb       0x7c ./Example/User/main.o
 .debug_macro   0x0000000000022057       0x10 ./Example/User/main.o
 .debug_macro   0x0000000000022067      0x23f ./Example/User/stm32f4xx_hal_msp.o
 .debug_macro   0x00000000000222a6      0x249 ./Example/User/stm32f4xx_it.o

.debug_line     0x0000000000000000    0x107bc
 .debug_line    0x0000000000000000      0x9ac ./Drivers/BSP/STM32F4xx_Nucleo_144/stm32f4xx_nucleo_144.o
 .debug_line    0x00000000000009ac      0x8dc ./Drivers/CMSIS/system_stm32f4xx.o
 .debug_line    0x0000000000001288      0xb27 ./Drivers/STM32F4xx_HAL_Driver/stm32f4xx_hal.o
 .debug_line    0x0000000000001daf      0xdf4 ./Drivers/STM32F4xx_HAL_Driver/stm32f4xx_hal_cortex.o
 .debug_line    0x0000000000002ba3      0xbc7 ./Drivers/STM32F4xx_HAL_Driver/stm32f4xx_hal_flash.o
 .debug_line    0x000000000000376a      0xccc ./Drivers/STM32F4xx_HAL_Driver/stm32f4xx_hal_flash_ex.o
 .debug_line    0x0000000000004436      0xc88 ./Drivers/STM32F4xx_HAL_Driver/stm32f4xx_hal_gpio.o
 .debug_line    0x00000000000050be      0xa51 ./Drivers/STM32F4xx_HAL_Driver/stm32f4xx_hal_pwr_ex.o
 .debug_line    0x0000000000005b0f      0xead ./Drivers/STM32F4xx_HAL_Driver/stm32f4xx_hal_rcc.o
 .debug_line    0x00000000000069bc     0x38b1 ./Drivers/STM32F4xx_HAL_Driver/stm32f4xx_hal_tim.o
 .debug_line    0x000000000000a26d     0x1b21 ./Drivers/STM32F4xx_HAL_Driver/stm32f4xx_hal_tim_ex.o
 .debug_line    0x000000000000bd8e     0x29e5 ./Drivers/STM32F4xx_HAL_Driver/stm32f4xx_hal_uart.o
 .debug_line    0x000000000000e773       0x7a ./Example/Startup/startup_stm32f446zetx.o
 .debug_line    0x000000000000e7ed      0xdeb ./Example/User/main.o
 .debug_line    0x000000000000f5d8      0x895 ./Example/User/stm32f4xx_hal_msp.o
 .debug_line    0x000000000000fe6d      0x94f ./Example/User/stm32f4xx_it.o

.debug_str      0x0000000000000000    0xd396e
 .debug_str     0x0000000000000000    0xcf8ac ./Drivers/BSP/STM32F4xx_Nucleo_144/stm32f4xx_nucleo_144.o
                                      0xcfb8c (size before relaxing)
 .debug_str     0x00000000000cf8ac      0x137 ./Drivers/CMSIS/system_stm32f4xx.o
                                      0xceab5 (size before relaxing)
 .debug_str     0x00000000000cf9e3      0x6ad ./Drivers/STM32F4xx_HAL_Driver/stm32f4xx_hal.o
                                      0xcf65b (size before relaxing)
 .debug_str     0x00000000000d0090      0x377 ./Drivers/STM32F4xx_HAL_Driver/stm32f4xx_hal_cortex.o
                                      0xcf380 (size before relaxing)
 .debug_str     0x00000000000d0407      0x333 ./Drivers/STM32F4xx_HAL_Driver/stm32f4xx_hal_flash.o
                                      0xcec61 (size before relaxing)
 .debug_str     0x00000000000d073a      0x32e ./Drivers/STM32F4xx_HAL_Driver/stm32f4xx_hal_flash_ex.o
                                      0xced84 (size before relaxing)
 .debug_str     0x00000000000d0a68      0x13a ./Drivers/STM32F4xx_HAL_Driver/stm32f4xx_hal_gpio.o
                                      0xcec11 (size before relaxing)
 .debug_str     0x00000000000d0ba2      0x17e ./Drivers/STM32F4xx_HAL_Driver/stm32f4xx_hal_pwr_ex.o
                                      0xcec6e (size before relaxing)
 .debug_str     0x00000000000d0d20      0x399 ./Drivers/STM32F4xx_HAL_Driver/stm32f4xx_hal_rcc.o
                                      0xceecf (size before relaxing)
 .debug_str     0x00000000000d10b9     0x135c ./Drivers/STM32F4xx_HAL_Driver/stm32f4xx_hal_tim.o
                                      0xcfdf8 (size before relaxing)
 .debug_str     0x00000000000d2415      0x53d ./Drivers/STM32F4xx_HAL_Driver/stm32f4xx_hal_tim_ex.o
                                      0xcf604 (size before relaxing)
 .debug_str     0x00000000000d2952      0x889 ./Drivers/STM32F4xx_HAL_Driver/stm32f4xx_hal_uart.o
                                      0xcf486 (size before relaxing)
 .debug_str     0x00000000000d31db       0x37 ./Example/Startup/startup_stm32f446zetx.o
                                         0x8a (size before relaxing)
 .debug_str     0x00000000000d3212      0x629 ./Example/User/main.o
                                      0xd0336 (size before relaxing)
 .debug_str     0x00000000000d383b       0x2e ./Example/User/stm32f4xx_hal_msp.o
                                      0xd0239 (size before relaxing)
 .debug_str     0x00000000000d3869      0x105 ./Example/User/stm32f4xx_it.o
                                      0xcf9c4 (size before relaxing)

.debug_frame    0x0000000000000000     0x39ec
 .debug_frame   0x0000000000000000      0x150 ./Drivers/BSP/STM32F4xx_Nucleo_144/stm32f4xx_nucleo_144.o
 .debug_frame   0x0000000000000150       0x58 ./Drivers/CMSIS/system_stm32f4xx.o
 .debug_frame   0x00000000000001a8      0x374 ./Drivers/STM32F4xx_HAL_Driver/stm32f4xx_hal.o
 .debug_frame   0x000000000000051c      0x4b8 ./Drivers/STM32F4xx_HAL_Driver/stm32f4xx_hal_cortex.o
 .debug_frame   0x00000000000009d4      0x274 ./Drivers/STM32F4xx_HAL_Driver/stm32f4xx_hal_flash.o
 .debug_frame   0x0000000000000c48      0x334 ./Drivers/STM32F4xx_HAL_Driver/stm32f4xx_hal_flash_ex.o
 .debug_frame   0x0000000000000f7c      0x14c ./Drivers/STM32F4xx_HAL_Driver/stm32f4xx_hal_gpio.o
 .debug_frame   0x00000000000010c8      0x14c ./Drivers/STM32F4xx_HAL_Driver/stm32f4xx_hal_pwr_ex.o
 .debug_frame   0x0000000000001214      0x1f4 ./Drivers/STM32F4xx_HAL_Driver/stm32f4xx_hal_rcc.o
 .debug_frame   0x0000000000001408     0x11c0 ./Drivers/STM32F4xx_HAL_Driver/stm32f4xx_hal_tim.o
 .debug_frame   0x00000000000025c8      0x638 ./Drivers/STM32F4xx_HAL_Driver/stm32f4xx_hal_tim_ex.o
 .debug_frame   0x0000000000002c00      0x954 ./Drivers/STM32F4xx_HAL_Driver/stm32f4xx_hal_uart.o
 .debug_frame   0x0000000000003554      0x248 ./Example/User/main.o
 .debug_frame   0x000000000000379c       0x7c ./Example/User/stm32f4xx_hal_msp.o
 .debug_frame   0x0000000000003818      0x128 ./Example/User/stm32f4xx_it.o
 .debug_frame   0x0000000000003940       0x20 C:/ST/STM32CubeIDE_1.14.1/STM32CubeIDE/plugins/com.st.stm32cube.ide.mcu.externaltools.gnu-tools-for-stm32.11.3.rel1.win32_1.1.100.202309141235/tools/bin/../lib/gcc/arm-none-eabi/11.3.1/../../../../arm-none-eabi/lib/thumb/v7e-m+fp/hard\libc_nano.a(libc_a-memset.o)
 .debug_frame   0x0000000000003960       0x2c C:/ST/STM32CubeIDE_1.14.1/STM32CubeIDE/plugins/com.st.stm32cube.ide.mcu.externaltools.gnu-tools-for-stm32.11.3.rel1.win32_1.1.100.202309141235/tools/bin/../lib/gcc/arm-none-eabi/11.3.1/../../../../arm-none-eabi/lib/thumb/v7e-m+fp/hard\libc_nano.a(libc_a-init.o)
 .debug_frame   0x000000000000398c       0x2c C:/ST/STM32CubeIDE_1.14.1/STM32CubeIDE/plugins/com.st.stm32cube.ide.mcu.externaltools.gnu-tools-for-stm32.11.3.rel1.win32_1.1.100.202309141235/tools/bin/../lib/gcc/arm-none-eabi/11.3.1/thumb/v7e-m+fp/hard\libgcc.a(_aeabi_uldivmod.o)
 .debug_frame   0x00000000000039b8       0x34 C:/ST/STM32CubeIDE_1.14.1/STM32CubeIDE/plugins/com.st.stm32cube.ide.mcu.externaltools.gnu-tools-for-stm32.11.3.rel1.win32_1.1.100.202309141235/tools/bin/../lib/gcc/arm-none-eabi/11.3.1/thumb/v7e-m+fp/hard\libgcc.a(_udivmoddi4.o)

.debug_line_str
                0x0000000000000000       0x7e
 .debug_line_str
                0x0000000000000000       0x7e ./Example/Startup/startup_stm32f446zetx.o
                                         0x96 (size before relaxing)
