Archive member included to satisfy reference by file (symbol)

C:/ST/STM32CubeIDE_1.14.1/STM32CubeIDE/plugins/com.st.stm32cube.ide.mcu.externaltools.gnu-tools-for-stm32.11.3.rel1.win32_1.1.100.202309141235/tools/bin/../lib/gcc/arm-none-eabi/11.3.1/../../../../arm-none-eabi/lib/thumb/v7e-m+fp/hard\libc_nano.a(libc_a-exit.o)
                              C:/ST/STM32CubeIDE_1.14.1/STM32CubeIDE/plugins/com.st.stm32cube.ide.mcu.externaltools.gnu-tools-for-stm32.11.3.rel1.win32_1.1.100.202309141235/tools/bin/../lib/gcc/arm-none-eabi/11.3.1/../../../../arm-none-eabi/lib/thumb/v7e-m+fp/hard/crt0.o (exit)
C:/ST/STM32CubeIDE_1.14.1/STM32CubeIDE/plugins/com.st.stm32cube.ide.mcu.externaltools.gnu-tools-for-stm32.11.3.rel1.win32_1.1.100.202309141235/tools/bin/../lib/gcc/arm-none-eabi/11.3.1/../../../../arm-none-eabi/lib/thumb/v7e-m+fp/hard\libc_nano.a(libc_a-findfp.o)
                              C:/ST/STM32CubeIDE_1.14.1/STM32CubeIDE/plugins/com.st.stm32cube.ide.mcu.externaltools.gnu-tools-for-stm32.11.3.rel1.win32_1.1.100.202309141235/tools/bin/../lib/gcc/arm-none-eabi/11.3.1/../../../../arm-none-eabi/lib/thumb/v7e-m+fp/hard\libc_nano.a(libc_a-exit.o) (__stdio_exit_handler)
C:/ST/STM32CubeIDE_1.14.1/STM32CubeIDE/plugins/com.st.stm32cube.ide.mcu.externaltools.gnu-tools-for-stm32.11.3.rel1.win32_1.1.100.202309141235/tools/bin/../lib/gcc/arm-none-eabi/11.3.1/../../../../arm-none-eabi/lib/thumb/v7e-m+fp/hard\libc_nano.a(libc_a-fwalk.o)
                              C:/ST/STM32CubeIDE_1.14.1/STM32CubeIDE/plugins/com.st.stm32cube.ide.mcu.externaltools.gnu-tools-for-stm32.11.3.rel1.win32_1.1.100.202309141235/tools/bin/../lib/gcc/arm-none-eabi/11.3.1/../../../../arm-none-eabi/lib/thumb/v7e-m+fp/hard\libc_nano.a(libc_a-findfp.o) (_fwalk_sglue)
C:/ST/STM32CubeIDE_1.14.1/STM32CubeIDE/plugins/com.st.stm32cube.ide.mcu.externaltools.gnu-tools-for-stm32.11.3.rel1.win32_1.1.100.202309141235/tools/bin/../lib/gcc/arm-none-eabi/11.3.1/../../../../arm-none-eabi/lib/thumb/v7e-m+fp/hard\libc_nano.a(libc_a-stdio.o)
                              C:/ST/STM32CubeIDE_1.14.1/STM32CubeIDE/plugins/com.st.stm32cube.ide.mcu.externaltools.gnu-tools-for-stm32.11.3.rel1.win32_1.1.100.202309141235/tools/bin/../lib/gcc/arm-none-eabi/11.3.1/../../../../arm-none-eabi/lib/thumb/v7e-m+fp/hard\libc_nano.a(libc_a-findfp.o) (__sread)
C:/ST/STM32CubeIDE_1.14.1/STM32CubeIDE/plugins/com.st.stm32cube.ide.mcu.externaltools.gnu-tools-for-stm32.11.3.rel1.win32_1.1.100.202309141235/tools/bin/../lib/gcc/arm-none-eabi/11.3.1/../../../../arm-none-eabi/lib/thumb/v7e-m+fp/hard\libc_nano.a(libc_a-memset.o)
                              C:/ST/STM32CubeIDE_1.14.1/STM32CubeIDE/plugins/com.st.stm32cube.ide.mcu.externaltools.gnu-tools-for-stm32.11.3.rel1.win32_1.1.100.202309141235/tools/bin/../lib/gcc/arm-none-eabi/11.3.1/../../../../arm-none-eabi/lib/thumb/v7e-m+fp/hard/crt0.o (memset)
C:/ST/STM32CubeIDE_1.14.1/STM32CubeIDE/plugins/com.st.stm32cube.ide.mcu.externaltools.gnu-tools-for-stm32.11.3.rel1.win32_1.1.100.202309141235/tools/bin/../lib/gcc/arm-none-eabi/11.3.1/../../../../arm-none-eabi/lib/thumb/v7e-m+fp/hard\libc_nano.a(libc_a-closer.o)
                              C:/ST/STM32CubeIDE_1.14.1/STM32CubeIDE/plugins/com.st.stm32cube.ide.mcu.externaltools.gnu-tools-for-stm32.11.3.rel1.win32_1.1.100.202309141235/tools/bin/../lib/gcc/arm-none-eabi/11.3.1/../../../../arm-none-eabi/lib/thumb/v7e-m+fp/hard\libc_nano.a(libc_a-stdio.o) (_close_r)
C:/ST/STM32CubeIDE_1.14.1/STM32CubeIDE/plugins/com.st.stm32cube.ide.mcu.externaltools.gnu-tools-for-stm32.11.3.rel1.win32_1.1.100.202309141235/tools/bin/../lib/gcc/arm-none-eabi/11.3.1/../../../../arm-none-eabi/lib/thumb/v7e-m+fp/hard\libc_nano.a(libc_a-reent.o)
                              C:/ST/STM32CubeIDE_1.14.1/STM32CubeIDE/plugins/com.st.stm32cube.ide.mcu.externaltools.gnu-tools-for-stm32.11.3.rel1.win32_1.1.100.202309141235/tools/bin/../lib/gcc/arm-none-eabi/11.3.1/../../../../arm-none-eabi/lib/thumb/v7e-m+fp/hard\libc_nano.a(libc_a-closer.o) (errno)
C:/ST/STM32CubeIDE_1.14.1/STM32CubeIDE/plugins/com.st.stm32cube.ide.mcu.externaltools.gnu-tools-for-stm32.11.3.rel1.win32_1.1.100.202309141235/tools/bin/../lib/gcc/arm-none-eabi/11.3.1/../../../../arm-none-eabi/lib/thumb/v7e-m+fp/hard\libc_nano.a(libc_a-impure.o)
                              C:/ST/STM32CubeIDE_1.14.1/STM32CubeIDE/plugins/com.st.stm32cube.ide.mcu.externaltools.gnu-tools-for-stm32.11.3.rel1.win32_1.1.100.202309141235/tools/bin/../lib/gcc/arm-none-eabi/11.3.1/../../../../arm-none-eabi/lib/thumb/v7e-m+fp/hard\libc_nano.a(libc_a-reent.o) (_impure_ptr)
C:/ST/STM32CubeIDE_1.14.1/STM32CubeIDE/plugins/com.st.stm32cube.ide.mcu.externaltools.gnu-tools-for-stm32.11.3.rel1.win32_1.1.100.202309141235/tools/bin/../lib/gcc/arm-none-eabi/11.3.1/../../../../arm-none-eabi/lib/thumb/v7e-m+fp/hard\libc_nano.a(libc_a-lseekr.o)
[...]
Memory Configuration

Name             Origin             Length             Attributes
RAM              0x0000000020001000 0x000000000001f000 xrw
ROM              0x0000000008000000 0x0000000000080000 xr
*default*        0x0000000000000000 0xffffffffffffffff

Linker script and memory map

LOAD C:/ST/STM32CubeIDE_1.14.1/STM32CubeIDE/plugins/com.st.stm32cube.ide.mcu.externaltools.gnu-tools-for-stm32.11.3.rel1.win32_1.1.100.202309141235/tools/bin/../lib/gcc/arm-none-eabi/11.3.1/thumb/v7e-m+fp/hard/crti.o
LOAD C:/ST/STM32CubeIDE_1.14.1/STM32CubeIDE/plugins/com.st.stm32cube.ide.mcu.externaltools.gnu-tools-for-stm32.11.3.rel1.win32_1.1.100.202309141235/tools/bin/../lib/gcc/arm-none-eabi/11.3.1/thumb/v7e-m+fp/hard/crtbegin.o
LOAD C:/ST/STM32CubeIDE_1.14.1/STM32CubeIDE/plugins/com.st.stm32cube.ide.mcu.externaltools.gnu-tools-for-stm32.11.3.rel1.win32_1.1.100.202309141235/tools/bin/../lib/gcc/arm-none-eabi/11.3.1/../../../../arm-none-eabi/lib/thumb/v7e-m+fp/hard/crt0.o
LOAD ./Drivers/BSP/STM32F4xx_Nucleo_144/stm32f4xx_nucleo_144.o
LOAD ./Drivers/CMSIS/system_stm32f4xx.o
LOAD ./Drivers/STM32F4xx_HAL_Driver/stm32f4xx_hal.o
LOAD ./Drivers/STM32F4xx_HAL_Driver/stm32f4xx_hal_cortex.o
LOAD ./Drivers/STM32F4xx_HAL_Driver/stm32f4xx_hal_dma.o
LOAD ./Drivers/STM32F4xx_HAL_Driver/stm32f4xx_hal_flash.o
LOAD ./Drivers/STM32F4xx_HAL_Driver/stm32f4xx_hal_flash_ex.o
LOAD ./Drivers/STM32F4xx_HAL_Driver/stm32f4xx_hal_gpio.o
LOAD ./Drivers/STM32F4xx_HAL_Driver/stm32f4xx_hal_pwr_ex.o
LOAD ./Drivers/STM32F4xx_HAL_Driver/stm32f4xx_hal_rcc.o
LOAD ./Drivers/STM32F4xx_HAL_Driver/stm32f4xx_hal_tim.o
LOAD ./Drivers/STM32F4xx_HAL_Driver/stm32f4xx_hal_tim_ex.o
LOAD ./Drivers/STM32F4xx_HAL_Driver/stm32f4xx_hal_uart.o
LOAD ./Example/Startup/startup_stm32f446zetx.o
LOAD ./Example/User/main.o
LOAD ./Example/User/stm32f4xx_hal_msp.o
LOAD ./Example/User/stm32f4xx_it.o
LOAD ./Example/User/syscalls.o
LOAD ./Example/User/sysmem.o
START GROUP
LOAD C:/ST/STM32CubeIDE_1.14.1/STM32CubeIDE/plugins/com.st.stm32cube.ide.mcu.externaltools.gnu-tools-for-stm32.11.3.rel1.win32_1.1.100.202309141235/tools/bin/../lib/gcc/arm-none-eabi/11.3.1/../../../../arm-none-eabi/lib/thumb/v7e-m+fp/hard\libc_nano.a
LOAD C:/ST/STM32CubeIDE_1.14.1/STM32CubeIDE/plugins/com.st.stm32cube.ide.mcu.externaltools.gnu-tools-for-stm32.11.3.rel1.win32_1.1.100.202309141235/tools/bin/../lib/gcc/arm-none-eabi/11.3.1/../../../../arm-none-eabi/lib/thumb/v7e-m+fp/hard\libm.a
END GROUP
START GROUP
LOAD C:/ST/STM32CubeIDE_1.14.1/STM32CubeIDE/plugins/com.st.stm32cube.ide.mcu.externaltools.gnu-tools-for-stm32.11.3.rel1.win32_1.1.100.202309141235/tools/bin/../lib/gcc/arm-none-eabi/11.3.1/thumb/v7e-m+fp/hard\libgcc.a
LOAD C:/ST/STM32CubeIDE_1.14.1/STM32CubeIDE/plugins/com.st.stm32cube.ide.mcu.externaltools.gnu-tools-for-stm32.11.3.rel1.win32_1.1.100.202309141235/tools/bin/../lib/gcc/arm-none-eabi/11.3.1/../../../../arm-none-eabi/lib/thumb/v7e-m+fp/hard\libc_nano.a
END GROUP
START GROUP
LOAD C:/ST/STM32CubeIDE_1.14.1/STM32CubeIDE/plugins/com.st.stm32cube.ide.mcu.externaltools.gnu-tools-for-stm32.11.3.rel1.win32_1.1.100.202309141235/tools/bin/../lib/gcc/arm-none-eabi/11.3.1/thumb/v7e-m+fp/hard\libgcc.a
LOAD C:/ST/STM32CubeIDE_1.14.1/STM32CubeIDE/plugins/com.st.stm32cube.ide.mcu.externaltools.gnu-tools-for-stm32.11.3.rel1.win32_1.1.100.202309141235/tools/bin/../lib/gcc/arm-none-eabi/11.3.1/../../../../arm-none-eabi/lib/thumb/v7e-m+fp/hard\libc_nano.a
LOAD C:/ST/STM32CubeIDE_1.14.1/STM32CubeIDE/plugins/com.st.stm32cube.ide.mcu.externaltools.gnu-tools-for-stm32.11.3.rel1.win32_1.1.100.202309141235/tools/bin/../lib/gcc/arm-none-eabi/11.3.1/../../../../arm-none-eabi/lib/thumb/v7e-m+fp/hard\libnosys.a
END GROUP
START GROUP
LOAD C:/ST/STM32CubeIDE_1.14.1/STM32CubeIDE/plugins/com.st.stm32cube.ide.mcu.externaltools.gnu-tools-for-stm32.11.3.rel1.win32_1.1.100.202309141235/tools/bin/../lib/gcc/arm-none-eabi/11.3.1/thumb/v7e-m+fp/hard\libgcc.a
LOAD C:/ST/STM32CubeIDE_1.14.1/STM32CubeIDE/plugins/com.st.stm32cube.ide.mcu.externaltools.gnu-tools-for-stm32.11.3.rel1.win32_1.1.100.202309141235/tools/bin/../lib/gcc/arm-none-eabi/11.3.1/../../../../arm-none-eabi/lib/thumb/v7e-m+fp/hard\libc_nano.a
LOAD C:/ST/STM32CubeIDE_1.14.1/STM32CubeIDE/plugins/com.st.stm32cube.ide.mcu.externaltools.gnu-tools-for-stm32.11.3.rel1.win32_1.1.100.202309141235/tools/bin/../lib/gcc/arm-none-eabi/11.3.1/../../../../arm-none-eabi/lib/thumb/v7e-m+fp/hard\libnosys.a
END GROUP
LOAD C:/ST/STM32CubeIDE_1.14.1/STM32CubeIDE/plugins/com.st.stm32cube.ide.mcu.externaltools.gnu-tools-for-stm32.11.3.rel1.win32_1.1.100.202309141235/tools/bin/../lib/gcc/arm-none-eabi/11.3.1/thumb/v7e-m+fp/hard/crtend.o
LOAD C:/ST/STM32CubeIDE_1.14.1/STM32CubeIDE/plugins/com.st.stm32cube.ide.mcu.externaltools.gnu-tools-for-stm32.11.3.rel1.win32_1.1.100.202309141235/tools/bin/../lib/gcc/arm-none-eabi/11.3.1/thumb/v7e-m+fp/hard/crtn.o
                0x0000000020020000                _estack = (ORIGIN (RAM) + LENGTH (RAM))
                0x0000000000000200                _Min_Heap_Size = 0x200
                0x0000000000000400                _Min_Stack_Size = 0x400

.isr_vector     0x0000000020001000      0x1c4
                0x0000000020001000                . = ALIGN (0x4)
 *(.isr_vector)
 .isr_vector    0x0000000020001000      0x1c4 ./Example/Startup/startup_stm32f446zetx.o
                0x0000000020001000                g_pfnVectors
                0x00000000200011c4                . = ALIGN (0x4)

.text           0x00000000200011c4     0x146c
                0x00000000200011c4                . = ALIGN (0x4)
 *(.text)
 .text          0x00000000200011c4       0x40 C:/ST/STM32CubeIDE_1.14.1/STM32CubeIDE/plugins/com.st.stm32cube.ide.mcu.externaltools.gnu-tools-for-stm32.11.3.rel1.win32_1.1.100.202309141235/tools/bin/../lib/gcc/arm-none-eabi/11.3.1/thumb/v7e-m+fp/hard/crtbegin.o
 .text          0x0000000020001204       0x30 C:/ST/STM32CubeIDE_1.14.1/STM32CubeIDE/plugins/com.st.stm32cube.ide.mcu.externaltools.gnu-tools-for-stm32.11.3.rel1.win32_1.1.100.202309141235/tools/bin/../lib/gcc/arm-none-eabi/11.3.1/thumb/v7e-m+fp/hard\libgcc.a(_aeabi_uldivmod.o)
                0x0000000020001204                __aeabi_uldivmod
 .text          0x0000000020001234      0x2c8 C:/ST/STM32CubeIDE_1.14.1/STM32CubeIDE/plugins/com.st.stm32cube.ide.mcu.externaltools.gnu-tools-for-stm32.11.3.rel1.win32_1.1.100.202309141235/tools/bin/../lib/gcc/arm-none-eabi/11.3.1/thumb/v7e-m+fp/hard\libgcc.a(_udivmoddi4.o)
                0x0000000020001234                __udivmoddi4
 .text          0x00000000200014fc        0x4 C:/ST/STM32CubeIDE_1.14.1/STM32CubeIDE/plugins/com.st.stm32cube.ide.mcu.externaltools.gnu-tools-for-stm32.11.3.rel1.win32_1.1.100.202309141235/tools/bin/../lib/gcc/arm-none-eabi/11.3.1/thumb/v7e-m+fp/hard\libgcc.a(_dvmd_tls.o)
                0x00000000200014fc                __aeabi_idiv0
                0x00000000200014fc                __aeabi_ldiv0
 *(.text*)
 .text.BSP_LED_Init
                0x0000000020001500       0x74 ./Drivers/BSP/STM32F4xx_Nucleo_144/stm32f4xx_nucleo_144.o
                0x0000000020001500                BSP_LED_Init
 .text.BSP_LED_On
                0x0000000020001574       0x1c ./Drivers/BSP/STM32F4xx_Nucleo_144/stm32f4xx_nucleo_144.o
                0x0000000020001574                BSP_LED_On
 .text.BSP_LED_Off
                0x0000000020001590       0x1c ./Drivers/BSP/STM32F4xx_Nucleo_144/stm32f4xx_nucleo_144.o
                0x0000000020001590                BSP_LED_Off
 .text.SystemInit
                0x00000000200015ac       0x4c ./Drivers/CMSIS/system_stm32f4xx.o
                0x00000000200015ac                SystemInit
 .text.HAL_MspInit
                0x00000000200015f8        0x2 ./Drivers/STM32F4xx_HAL_Driver/stm32f4xx_hal.o
                0x00000000200015f8                HAL_MspInit
 *fill*         0x00000000200015fa        0x2 
 .text.HAL_InitTick
                0x00000000200015fc       0x48 ./Drivers/STM32F4xx_HAL_Driver/stm32f4xx_hal.o
                0x00000000200015fc                HAL_InitTick
 .text.HAL_Init
                0x0000000020001644       0x2c ./Drivers/STM32F4xx_HAL_Driver/stm32f4xx_hal.o
                0x0000000020001644                HAL_Init
 .text.HAL_IncTick
                0x0000000020001670       0x18 ./Drivers/STM32F4xx_HAL_Driver/stm32f4xx_hal.o
                0x0000000020001670                HAL_IncTick
 .text.HAL_GetTick
                0x0000000020001688        0xc ./Drivers/STM32F4xx_HAL_Driver/stm32f4xx_hal.o
                0x0000000020001688                HAL_GetTick
 .text.HAL_NVIC_SetPriorityGrouping
                0x0000000020001694       0x24 ./Drivers/STM32F4xx_HAL_Driver/stm32f4xx_hal_cortex.o
                0x0000000020001694                HAL_NVIC_SetPriorityGrouping
 .text.HAL_NVIC_SetPriority
                0x00000000200016b8       0x64 ./Drivers/STM32F4xx_HAL_Driver/stm32f4xx_hal_cortex.o
                0x00000000200016b8                HAL_NVIC_SetPriority
 .text.HAL_NVIC_EnableIRQ
                0x000000002000171c       0x1c ./Drivers/STM32F4xx_HAL_Driver/stm32f4xx_hal_cortex.o
                0x000000002000171c                HAL_NVIC_EnableIRQ
 .text.HAL_SYSTICK_Config
                0x0000000020001738       0x28 ./Drivers/STM32F4xx_HAL_Driver/stm32f4xx_hal_cortex.o
                0x0000000020001738                HAL_SYSTICK_Config
 .text.HAL_GPIO_Init
                0x0000000020001760      0x1a8 ./Drivers/STM32F4xx_HAL_Driver/stm32f4xx_hal_gpio.o
                0x0000000020001760                HAL_GPIO_Init
 .text.HAL_GPIO_WritePin
                0x0000000020001908        0xa ./Drivers/STM32F4xx_HAL_Driver/stm32f4xx_hal_gpio.o
                0x0000000020001908                HAL_GPIO_WritePin
 *fill*         0x0000000020001912        0x2 
 .text.HAL_PWREx_EnableOverDrive
                0x0000000020001914       0x74 ./Drivers/STM32F4xx_HAL_Driver/stm32f4xx_hal_pwr_ex.o
                0x0000000020001914                HAL_PWREx_EnableOverDrive
 .text.HAL_RCC_OscConfig
                0x0000000020001988      0x364 ./Drivers/STM32F4xx_HAL_Driver/stm32f4xx_hal_rcc.o
                0x0000000020001988                HAL_RCC_OscConfig
 .text.HAL_RCC_GetSysClockFreq
                0x0000000020001cec       0x5c ./Drivers/STM32F4xx_HAL_Driver/stm32f4xx_hal_rcc.o
                0x0000000020001cec                HAL_RCC_GetSysClockFreq
 .text.HAL_RCC_ClockConfig
                0x0000000020001d48      0x134 ./Drivers/STM32F4xx_HAL_Driver/stm32f4xx_hal_rcc.o
                0x0000000020001d48                HAL_RCC_ClockConfig
 .text.HAL_RCC_GetPCLK1Freq
                0x0000000020001e7c       0x20 ./Drivers/STM32F4xx_HAL_Driver/stm32f4xx_hal_rcc.o
                0x0000000020001e7c                HAL_RCC_GetPCLK1Freq
 .text.HAL_RCC_GetPCLK2Freq
                0x0000000020001e9c       0x20 ./Drivers/STM32F4xx_HAL_Driver/stm32f4xx_hal_rcc.o
                0x0000000020001e9c                HAL_RCC_GetPCLK2Freq
 .text.HAL_TIM_Base_Start_IT
                0x0000000020001ebc       0x74 ./Drivers/STM32F4xx_HAL_Driver/stm32f4xx_hal_tim.o
                0x0000000020001ebc                HAL_TIM_Base_Start_IT
 .text.TIM_Base_SetConfig
                0x0000000020001f30       0xd8 ./Drivers/STM32F4xx_HAL_Driver/stm32f4xx_hal_tim.o
                0x0000000020001f30                TIM_Base_SetConfig
 .text.HAL_TIM_Base_Init
                0x0000000020002008       0x58 ./Drivers/STM32F4xx_HAL_Driver/stm32f4xx_hal_tim.o
                0x0000000020002008                HAL_TIM_Base_Init
 .text.HAL_TIMEx_MasterConfigSynchronization
                0x0000000020002060       0x7c ./Drivers/STM32F4xx_HAL_Driver/stm32f4xx_hal_tim_ex.o
                0x0000000020002060                HAL_TIMEx_MasterConfigSynchronization
 .text.UART_SetConfig
                0x00000000200020dc       0xbc ./Drivers/STM32F4xx_HAL_Driver/stm32f4xx_hal_uart.o
 .text.HAL_UART_Init
                0x0000000020002198       0x5e ./Drivers/STM32F4xx_HAL_Driver/stm32f4xx_hal_uart.o
                0x0000000020002198                HAL_UART_Init
 *fill*         0x00000000200021f6        0x2 
 .text.Reset_Handler
                0x00000000200021f8       0x50 ./Example/Startup/startup_stm32f446zetx.o
                0x00000000200021f8                Reset_Handler
 .text.Default_Handler
                0x0000000020002248        0x2 ./Example/Startup/startup_stm32f446zetx.o
                0x0000000020002248                RTC_Alarm_IRQHandler
                0x0000000020002248                EXTI2_IRQHandler
                0x0000000020002248                TIM8_CC_IRQHandler
                0x0000000020002248                FMPI2C1_EV_IRQHandler
                0x0000000020002248                SPI4_IRQHandler
                0x0000000020002248                TIM1_CC_IRQHandler
                0x0000000020002248                DMA2_Stream5_IRQHandler
                0x0000000020002248                DMA1_Stream5_IRQHandler
                0x0000000020002248                PVD_IRQHandler
                0x0000000020002248                SDIO_IRQHandler
                0x0000000020002248                TAMP_STAMP_IRQHandler
                0x0000000020002248                CAN2_RX1_IRQHandler
                0x0000000020002248                EXTI3_IRQHandler
                0x0000000020002248                TIM8_TRG_COM_TIM14_IRQHandler
                0x0000000020002248                TIM1_UP_TIM10_IRQHandler
                0x0000000020002248                TIM8_UP_TIM13_IRQHandler
                0x0000000020002248                I2C3_ER_IRQHandler
                0x0000000020002248                EXTI0_IRQHandler
                0x0000000020002248                I2C2_EV_IRQHandler
                0x0000000020002248                DMA1_Stream2_IRQHandler
                0x0000000020002248                CAN1_RX0_IRQHandler
                0x0000000020002248                FPU_IRQHandler
                0x0000000020002248                OTG_HS_WKUP_IRQHandler
                0x0000000020002248                CAN2_SCE_IRQHandler
                0x0000000020002248                DMA2_Stream2_IRQHandler
                0x0000000020002248                SPI1_IRQHandler
                0x0000000020002248                TIM6_DAC_IRQHandler
                0x0000000020002248                TIM1_BRK_TIM9_IRQHandler
                0x0000000020002248                DCMI_IRQHandler
                0x0000000020002248                CAN2_RX0_IRQHandler
                0x0000000020002248                DMA2_Stream3_IRQHandler
                0x0000000020002248                SAI2_IRQHandler
                0x0000000020002248                USART6_IRQHandler
                0x0000000020002248                USART3_IRQHandler
                0x0000000020002248                CAN1_RX1_IRQHandler
                0x0000000020002248                UART5_IRQHandler
                0x0000000020002248                DMA2_Stream0_IRQHandler
                0x0000000020002248                TIM4_IRQHandler
                0x0000000020002248                QUADSPI_IRQHandler
                0x0000000020002248                I2C1_EV_IRQHandler
                0x0000000020002248                DMA1_Stream6_IRQHandler
                0x0000000020002248                DMA1_Stream1_IRQHandler
                0x0000000020002248                UART4_IRQHandler
                0x0000000020002248                TIM3_IRQHandler
                0x0000000020002248                RCC_IRQHandler
                0x0000000020002248                TIM8_BRK_TIM12_IRQHandler
                0x0000000020002248                Default_Handler
                0x0000000020002248                CEC_IRQHandler
                0x0000000020002248                EXTI15_10_IRQHandler
                0x0000000020002248                ADC_IRQHandler
                0x0000000020002248                DMA1_Stream7_IRQHandler
                0x0000000020002248                CAN2_TX_IRQHandler
                0x0000000020002248                TIM5_IRQHandler
                0x0000000020002248                DMA2_Stream7_IRQHandler
                0x0000000020002248                I2C3_EV_IRQHandler
                0x0000000020002248                EXTI9_5_IRQHandler
                0x0000000020002248                RTC_WKUP_IRQHandler
                0x0000000020002248                SPDIF_RX_IRQHandler
                0x0000000020002248                SPI2_IRQHandler
                0x0000000020002248                OTG_HS_EP1_IN_IRQHandler
                0x0000000020002248                DMA1_Stream0_IRQHandler
                0x0000000020002248                CAN1_TX_IRQHandler
                0x0000000020002248                FMPI2C1_ER_IRQHandler
                0x0000000020002248                EXTI4_IRQHandler
                0x0000000020002248                OTG_HS_EP1_OUT_IRQHandler
                0x0000000020002248                WWDG_IRQHandler
                0x0000000020002248                TIM2_IRQHandler
                0x0000000020002248                OTG_FS_WKUP_IRQHandler
                0x0000000020002248                TIM1_TRG_COM_TIM11_IRQHandler
                0x0000000020002248                OTG_HS_IRQHandler
                0x0000000020002248                EXTI1_IRQHandler
                0x0000000020002248                USART2_IRQHandler
                0x0000000020002248                I2C2_ER_IRQHandler
                0x0000000020002248                DMA2_Stream1_IRQHandler
                0x0000000020002248                CAN1_SCE_IRQHandler
                0x0000000020002248                FLASH_IRQHandler
                0x0000000020002248                DMA2_Stream4_IRQHandler
                0x0000000020002248                USART1_IRQHandler
                0x0000000020002248                OTG_FS_IRQHandler
                0x0000000020002248                SPI3_IRQHandler
                0x0000000020002248                DMA1_Stream4_IRQHandler
                0x0000000020002248                I2C1_ER_IRQHandler
                0x0000000020002248                FMC_IRQHandler
                0x0000000020002248                DMA2_Stream6_IRQHandler
                0x0000000020002248                SAI1_IRQHandler
                0x0000000020002248                DMA1_Stream3_IRQHandler
 .text.TestTask0
                0x000000002000224a       0x16 ./Example/User/main.o
                0x000000002000224a                TestTask0
 .text.TestTask1
                0x0000000020002260       0x16 ./Example/User/main.o
                0x0000000020002260                TestTask1
 .text.TestTask2
                0x0000000020002276       0x16 ./Example/User/main.o
                0x0000000020002276                TestTask2
 .text.TinyBLInit
                0x000000002000228c       0xd8 ./Example/User/main.o
                0x000000002000228c                TinyBLInit
 .text.TIM7_IRQHandler
                0x0000000020002364       0x58 ./Example/User/main.o
                0x0000000020002364                TIM7_IRQHandler
 .text.RTOSInit
                0x00000000200023bc       0x80 ./Example/User/main.o
                0x00000000200023bc                RTOSInit
 .text.startup.main
                0x000000002000243c       0xac ./Example/User/main.o
                0x000000002000243c                main
 .text.HAL_UART_MspInit
                0x00000000200024e8       0x80 ./Example/User/stm32f4xx_hal_msp.o
                0x00000000200024e8                HAL_UART_MspInit
 .text.HAL_TIM_Base_MspInit
                0x0000000020002568       0x44 ./Example/User/stm32f4xx_hal_msp.o
                0x0000000020002568                HAL_TIM_Base_MspInit
 .text.NMI_Handler
                0x00000000200025ac        0x2 ./Example/User/stm32f4xx_it.o
                0x00000000200025ac                NMI_Handler
 .text.HardFault_Handler
                0x00000000200025ae        0x2 ./Example/User/stm32f4xx_it.o
                0x00000000200025ae                HardFault_Handler
 .text.MemManage_Handler
                0x00000000200025b0        0x2 ./Example/User/stm32f4xx_it.o
                0x00000000200025b0                MemManage_Handler
 .text.BusFault_Handler
                0x00000000200025b2        0x2 ./Example/User/stm32f4xx_it.o
                0x00000000200025b2                BusFault_Handler
 .text.UsageFault_Handler
                0x00000000200025b4        0x2 ./Example/User/stm32f4xx_it.o
                0x00000000200025b4                UsageFault_Handler
 .text.SVC_Handler
                0x00000000200025b6        0x2 ./Example/User/stm32f4xx_it.o
                0x00000000200025b6                SVC_Handler
 .text.DebugMon_Handler
                0x00000000200025b8        0x2 ./Example/User/stm32f4xx_it.o
                0x00000000200025b8                DebugMon_Handler
 .text.PendSV_Handler
                0x00000000200025ba        0x2 ./Example/User/stm32f4xx_it.o
                0x00000000200025ba                PendSV_Handler
 .text.SysTick_Handler
                0x00000000200025bc        0x4 ./Example/User/stm32f4xx_it.o
                0x00000000200025bc                SysTick_Handler
 .text.memset   0x00000000200025c0       0x10 C:/ST/STM32CubeIDE_1.14.1/STM32CubeIDE/plugins/com.st.stm32cube.ide.mcu.externaltools.gnu-tools-for-stm32.11.3.rel1.win32_1.1.100.202309141235/tools/bin/../lib/gcc/arm-none-eabi/11.3.1/../../../../arm-none-eabi/lib/thumb/v7e-m+fp/hard\libc_nano.a(libc_a-memset.o)
                0x00000000200025c0                memset
 .text.__libc_init_array
                0x00000000200025d0       0x48 C:/ST/STM32CubeIDE_1.14.1/STM32CubeIDE/plugins/com.st.stm32cube.ide.mcu.externaltools.gnu-tools-for-stm32.11.3.rel1.win32_1.1.100.202309141235/tools/bin/../lib/gcc/arm-none-eabi/11.3.1/../../../../arm-none-eabi/lib/thumb/v7e-m+fp/hard\libc_nano.a(libc_a-init.o)
                0x00000000200025d0                __libc_init_array
 *(.glue_7)
 .glue_7        0x0000000020002618        0x0 linker stubs
 *(.glue_7t)
 .glue_7t       0x0000000020002618        0x0 linker stubs
 *(.eh_frame)
 .eh_frame      0x0000000020002618        0x0 C:/ST/STM32CubeIDE_1.14.1/STM32CubeIDE/plugins/com.st.stm32cube.ide.mcu.externaltools.gnu-tools-for-stm32.11.3.rel1.win32_1.1.100.202309141235/tools/bin/../lib/gcc/arm-none-eabi/11.3.1/thumb/v7e-m+fp/hard/crtbegin.o
 *(.init)
 .init          0x0000000020002618        0x4 C:/ST/STM32CubeIDE_1.14.1/STM32CubeIDE/plugins/com.st.stm32cube.ide.mcu.externaltools.gnu-tools-for-stm32.11.3.rel1.win32_1.1.100.202309141235/tools/bin/../lib/gcc/arm-none-eabi/11.3.1/thumb/v7e-m+fp/hard/crti.o
                0x0000000020002618                _init
 .init          0x000000002000261c        0x8 C:/ST/STM32CubeIDE_1.14.1/STM32CubeIDE/plugins/com.st.stm32cube.ide.mcu.externaltools.gnu-tools-for-stm32.11.3.rel1.win32_1.1.100.202309141235/tools/bin/../lib/gcc/arm-none-eabi/11.3.1/thumb/v7e-m+fp/hard/crtn.o
 *(.fini)
 .fini          0x0000000020002624        0x4 C:/ST/STM32CubeIDE_1.14.1/STM32CubeIDE/plugins/com.st.stm32cube.ide.mcu.externaltools.gnu-tools-for-stm32.11.3.rel1.win32_1.1.100.202309141235/tools/bin/../lib/gcc/arm-none-eabi/11.3.1/thumb/v7e-m+fp/hard/crti.o
                0x0000000020002624                _fini
 .fini          0x0000000020002628        0x8 C:/ST/STM32CubeIDE_1.14.1/STM32CubeIDE/plugins/com.st.stm32cube.ide.mcu.externaltools.gnu-tools-for-stm32.11.3.rel1.win32_1.1.100.202309141235/tools/bin/../lib/gcc/arm-none-eabi/11.3.1/thumb/v7e-m+fp/hard/crtn.o
                0x0000000020002630                . = ALIGN (0x4)
                0x0000000020002630                _etext = .

.vfp11_veneer   0x0000000020002630        0x0
 .vfp11_veneer  0x0000000020002630        0x0 linker stubs

.v4_bx          0x0000000020002630        0x0
 .v4_bx         0x0000000020002630        0x0 linker stubs

.iplt           0x0000000020002630        0x0
 .iplt          0x0000000020002630        0x0 C:/ST/STM32CubeIDE_1.14.1/STM32CubeIDE/plugins/com.st.stm32cube.ide.mcu.externaltools.gnu-tools-for-stm32.11.3.rel1.win32_1.1.100.202309141235/tools/bin/../lib/gcc/arm-none-eabi/11.3.1/thumb/v7e-m+fp/hard/crtbegin.o

.rodata         0x0000000020002630       0x20
                0x0000000020002630                . = ALIGN (0x4)
 *(.rodata)
 *(.rodata*)
 .rodata.GPIO_PIN
                0x0000000020002630        0x6 ./Drivers/BSP/STM32F4xx_Nucleo_144/stm32f4xx_nucleo_144.o
                0x0000000020002630                GPIO_PIN
 .rodata.AHBPrescTable
                0x0000000020002636       0x10 ./Drivers/CMSIS/system_stm32f4xx.o
                0x0000000020002636                AHBPrescTable
 .rodata.APBPrescTable
                0x0000000020002646        0x8 ./Drivers/CMSIS/system_stm32f4xx.o
                0x0000000020002646                APBPrescTable
                0x0000000020002650                . = ALIGN (0x4)
 *fill*         0x000000002000264e        0x2 

.ARM.extab      0x0000000020002650        0x0
                0x0000000020002650                . = ALIGN (0x4)
 *(.ARM.extab* .gnu.linkonce.armextab.*)
                0x0000000020002650                . = ALIGN (0x4)

.ARM            0x0000000020002650        0x8
                0x0000000020002650                . = ALIGN (0x4)
                0x0000000020002650                __exidx_start = .
 *(.ARM.exidx*)
 .ARM.exidx     0x0000000020002650        0x8 C:/ST/STM32CubeIDE_1.14.1/STM32CubeIDE/plugins/com.st.stm32cube.ide.mcu.externaltools.gnu-tools-for-stm32.11.3.rel1.win32_1.1.100.202309141235/tools/bin/../lib/gcc/arm-none-eabi/11.3.1/thumb/v7e-m+fp/hard\libgcc.a(_udivmoddi4.o)
                0x0000000020002658                __exidx_end = .
                0x0000000020002658                . = ALIGN (0x4)

.rel.dyn        0x0000000020002658        0x0
 .rel.iplt      0x0000000020002658        0x0 C:/ST/STM32CubeIDE_1.14.1/STM32CubeIDE/plugins/com.st.stm32cube.ide.mcu.externaltools.gnu-tools-for-stm32.11.3.rel1.win32_1.1.100.202309141235/tools/bin/../lib/gcc/arm-none-eabi/11.3.1/thumb/v7e-m+fp/hard/crtbegin.o

.preinit_array  0x0000000020002658        0x0
                0x0000000020002658                . = ALIGN (0x4)
                0x0000000020002658                PROVIDE (__preinit_array_start = .)
 *(.preinit_array*)
                0x0000000020002658                PROVIDE (__preinit_array_end = .)
                0x0000000020002658                . = ALIGN (0x4)

.init_array     0x0000000020002658        0x4
                0x0000000020002658                . = ALIGN (0x4)
                0x0000000020002658                PROVIDE (__init_array_start = .)
 *(SORT_BY_NAME(.init_array.*))
 *(.init_array*)
 .init_array    0x0000000020002658        0x4 C:/ST/STM32CubeIDE_1.14.1/STM32CubeIDE/plugins/com.st.stm32cube.ide.mcu.externaltools.gnu-tools-for-stm32.11.3.rel1.win32_1.1.100.202309141235/tools/bin/../lib/gcc/arm-none-eabi/11.3.1/thumb/v7e-m+fp/hard/crtbegin.o
                0x000000002000265c                PROVIDE (__init_array_end = .)
                0x000000002000265c                . = ALIGN (0x4)

.fini_array     0x000000002000265c        0x4
                0x000000002000265c                . = ALIGN (0x4)
                [!provide]                        PROVIDE (__fini_array_start = .)
 *(SORT_BY_NAME(.fini_array.*))
 *(.fini_array*)
 .fini_array    0x000000002000265c        0x4 C:/ST/STM32CubeIDE_1.14.1/STM32CubeIDE/plugins/com.st.stm32cube.ide.mcu.externaltools.gnu-tools-for-stm32.11.3.rel1.win32_1.1.100.202309141235/tools/bin/../lib/gcc/arm-none-eabi/11.3.1/thumb/v7e-m+fp/hard/crtbegin.o
                [!provide]                        PROVIDE (__fini_array_end = .)
                0x0000000020002660                . = ALIGN (0x4)
                0x0000000020002660                _sidata = LOADADDR (.data)

.data           0x0000000020002660       0x28
                0x0000000020002660                . = ALIGN (0x4)
                0x0000000020002660                _sdata = .
 *(.data)
 *(.data*)
 .data.GPIO_PORT
                0x0000000020002660        0xc ./Drivers/BSP/STM32F4xx_Nucleo_144/stm32f4xx_nucleo_144.o
                0x0000000020002660                GPIO_PORT
 .data.SystemCoreClock
                0x000000002000266c        0x4 ./Drivers/CMSIS/system_stm32f4xx.o
                0x000000002000266c                SystemCoreClock
 .data.uwTickFreq
                0x0000000020002670        0x1 ./Drivers/STM32F4xx_HAL_Driver/stm32f4xx_hal.o
                0x0000000020002670                uwTickFreq
 *fill*         0x0000000020002671        0x3 
 .data.uwTickPrio
                0x0000000020002674        0x4 ./Drivers/STM32F4xx_HAL_Driver/stm32f4xx_hal.o
                0x0000000020002674                uwTickPrio
 .data.TaskEntryAddrs
                0x0000000020002678        0xc ./Example/User/main.o
                0x0000000020002678                TaskEntryAddrs
 .data.firstGo  0x0000000020002684        0x1 ./Example/User/main.o
                0x0000000020002684                firstGo
 *(.RamFunc)
 *(.RamFunc*)
                0x0000000020002688                . = ALIGN (0x4)
 *fill*         0x0000000020002685        0x3 
                0x0000000020002688                _edata = .

.igot.plt       0x0000000020002688        0x0
 .igot.plt      0x0000000020002688        0x0 C:/ST/STM32CubeIDE_1.14.1/STM32CubeIDE/plugins/com.st.stm32cube.ide.mcu.externaltools.gnu-tools-for-stm32.11.3.rel1.win32_1.1.100.202309141235/tools/bin/../lib/gcc/arm-none-eabi/11.3.1/thumb/v7e-m+fp/hard/crtbegin.o
                0x0000000020002688                . = ALIGN (0x4)

.bss            0x0000000020002688     0x30c0
                0x0000000020002688                _sbss = .
                0x0000000020002688                __bss_start__ = _sbss
 *(.bss)
 .bss           0x0000000020002688       0x1c C:/ST/STM32CubeIDE_1.14.1/STM32CubeIDE/plugins/com.st.stm32cube.ide.mcu.externaltools.gnu-tools-for-stm32.11.3.rel1.win32_1.1.100.202309141235/tools/bin/../lib/gcc/arm-none-eabi/11.3.1/thumb/v7e-m+fp/hard/crtbegin.o
 *(.bss*)
 .bss.uwTick    0x00000000200026a4        0x4 ./Drivers/STM32F4xx_HAL_Driver/stm32f4xx_hal.o
                0x00000000200026a4                uwTick
 .bss.T0Stack   0x00000000200026a8     0x1000 ./Example/User/main.o
                0x00000000200026a8                T0Stack
 .bss.T1Stack   0x00000000200036a8     0x1000 ./Example/User/main.o
                0x00000000200036a8                T1Stack
 .bss.T2Stack   0x00000000200046a8     0x1000 ./Example/User/main.o
                0x00000000200046a8                T2Stack
 .bss.TaskSPs   0x00000000200056a8        0xc ./Example/User/main.o
                0x00000000200056a8                TaskSPs
 .bss.UartHandle
                0x00000000200056b4       0x48 ./Example/User/main.o
                0x00000000200056b4                UartHandle
 .bss.currentTask
                0x00000000200056fc        0x1 ./Example/User/main.o
                0x00000000200056fc                currentTask
 *fill*         0x00000000200056fd        0x3 
 .bss.htim7     0x0000000020005700       0x48 ./Example/User/main.o
                0x0000000020005700                htim7
 *(COMMON)
                0x0000000020005748                . = ALIGN (0x4)
                0x0000000020005748                _ebss = .
                0x0000000020005748                __bss_end__ = _ebss

._user_heap_stack
                0x0000000020005748      0x600
                0x0000000020005748                . = ALIGN (0x8)
                [!provide]                        PROVIDE (end = .)
                0x0000000020005748                PROVIDE (_end = .)
                0x0000000020005948                . = (. + _Min_Heap_Size)
 *fill*         0x0000000020005748      0x200 
                0x0000000020005d48                . = (. + _Min_Stack_Size)
 *fill*         0x0000000020005948      0x400 
                0x0000000020005d48                . = ALIGN (0x8)

/DISCARD/
 libc.a(*)
 libm.a(*)
 libgcc.a(*)

.ARM.attributes
                0x0000000000000000       0x30
 *(.ARM.attributes)
 .ARM.attributes
                0x0000000000000000       0x1e C:/ST/STM32CubeIDE_1.14.1/STM32CubeIDE/plugins/com.st.stm32cube.ide.mcu.externaltools.gnu-tools-for-stm32.11.3.rel1.win32_1.1.100.202309141235/tools/bin/../lib/gcc/arm-none-eabi/11.3.1/thumb/v7e-m+fp/hard/crti.o
 .ARM.attributes
                0x000000000000001e       0x34 C:/ST/STM32CubeIDE_1.14.1/STM32CubeIDE/plugins/com.st.stm32cube.ide.mcu.externaltools.gnu-tools-for-stm32.11.3.rel1.win32_1.1.100.202309141235/tools/bin/../lib/gcc/arm-none-eabi/11.3.1/thumb/v7e-m+fp/hard/crtbegin.o
 .ARM.attributes
                0x0000000000000052       0x34 ./Drivers/BSP/STM32F4xx_Nucleo_144/stm32f4xx_nucleo_144.o
 .ARM.attributes
                0x0000000000000086       0x34 ./Drivers/CMSIS/system_stm32f4xx.o
 .ARM.attributes
                0x00000000000000ba       0x34 ./Drivers/STM32F4xx_HAL_Driver/stm32f4xx_hal.o
 .ARM.attributes
                0x00000000000000ee       0x34 ./Drivers/STM32F4xx_HAL_Driver/stm32f4xx_hal_cortex.o
 .ARM.attributes
                0x0000000000000122       0x34 ./Drivers/STM32F4xx_HAL_Driver/stm32f4xx_hal_gpio.o
 .ARM.attributes
                0x0000000000000156       0x34 ./Drivers/STM32F4xx_HAL_Driver/stm32f4xx_hal_pwr_ex.o
 .ARM.attributes
                0x000000000000018a       0x34 ./Drivers/STM32F4xx_HAL_Driver/stm32f4xx_hal_rcc.o
 .ARM.attributes
                0x00000000000001be       0x34 ./Drivers/STM32F4xx_HAL_Driver/stm32f4xx_hal_tim.o
 .ARM.attributes
                0x00000000000001f2       0x34 ./Drivers/STM32F4xx_HAL_Driver/stm32f4xx_hal_tim_ex.o
 .ARM.attributes
                0x0000000000000226       0x34 ./Drivers/STM32F4xx_HAL_Driver/stm32f4xx_hal_uart.o
 .ARM.attributes
                0x000000000000025a       0x21 ./Example/Startup/startup_stm32f446zetx.o
 .ARM.attributes
                0x000000000000027b       0x34 ./Example/User/main.o
 .ARM.attributes
                0x00000000000002af       0x34 ./Example/User/stm32f4xx_hal_msp.o
 .ARM.attributes
                0x00000000000002e3       0x34 ./Example/User/stm32f4xx_it.o
 .ARM.attributes
                0x0000000000000317       0x34 C:/ST/STM32CubeIDE_1.14.1/STM32CubeIDE/plugins/com.st.stm32cube.ide.mcu.externaltools.gnu-tools-for-stm32.11.3.rel1.win32_1.1.100.202309141235/tools/bin/../lib/gcc/arm-none-eabi/11.3.1/../../../../arm-none-eabi/lib/thumb/v7e-m+fp/hard\libc_nano.a(libc_a-memset.o)
 .ARM.attributes
                0x000000000000034b       0x34 C:/ST/STM32CubeIDE_1.14.1/STM32CubeIDE/plugins/com.st.stm32cube.ide.mcu.externaltools.gnu-tools-for-stm32.11.3.rel1.win32_1.1.100.202309141235/tools/bin/../lib/gcc/arm-none-eabi/11.3.1/../../../../arm-none-eabi/lib/thumb/v7e-m+fp/hard\libc_nano.a(libc_a-init.o)
 .ARM.attributes
                0x000000000000037f       0x1e C:/ST/STM32CubeIDE_1.14.1/STM32CubeIDE/plugins/com.st.stm32cube.ide.mcu.externaltools.gnu-tools-for-stm32.11.3.rel1.win32_1.1.100.202309141235/tools/bin/../lib/gcc/arm-none-eabi/11.3.1/thumb/v7e-m+fp/hard\libgcc.a(_aeabi_uldivmod.o)
 .ARM.attributes
                0x000000000000039d       0x34 C:/ST/STM32CubeIDE_1.14.1/STM32CubeIDE/plugins/com.st.stm32cube.ide.mcu.externaltools.gnu-tools-for-stm32.11.3.rel1.win32_1.1.100.202309141235/tools/bin/../lib/gcc/arm-none-eabi/11.3.1/thumb/v7e-m+fp/hard\libgcc.a(_udivmoddi4.o)
 .ARM.attributes
                0x00000000000003d1       0x1e C:/ST/STM32CubeIDE_1.14.1/STM32CubeIDE/plugins/com.st.stm32cube.ide.mcu.externaltools.gnu-tools-for-stm32.11.3.rel1.win32_1.1.100.202309141235/tools/bin/../lib/gcc/arm-none-eabi/11.3.1/thumb/v7e-m+fp/hard\libgcc.a(_dvmd_tls.o)
 .ARM.attributes
                0x00000000000003ef       0x1e C:/ST/STM32CubeIDE_1.14.1/STM32CubeIDE/plugins/com.st.stm32cube.ide.mcu.externaltools.gnu-tools-for-stm32.11.3.rel1.win32_1.1.100.202309141235/tools/bin/../lib/gcc/arm-none-eabi/11.3.1/thumb/v7e-m+fp/hard/crtn.o
OUTPUT(FLASH_EraseProgram.elf elf32-littlearm)
LOAD linker stubs
LOAD C:/ST/STM32CubeIDE_1.14.1/STM32CubeIDE/plugins/com.st.stm32cube.ide.mcu.externaltools.gnu-tools-for-stm32.11.3.rel1.win32_1.1.100.202309141235/tools/bin/../lib/gcc/arm-none-eabi/11.3.1/../../../../arm-none-eabi/lib/thumb/v7e-m+fp/hard\libc.a
LOAD C:/ST/STM32CubeIDE_1.14.1/STM32CubeIDE/plugins/com.st.stm32cube.ide.mcu.externaltools.gnu-tools-for-stm32.11.3.rel1.win32_1.1.100.202309141235/tools/bin/../lib/gcc/arm-none-eabi/11.3.1/../../../../arm-none-eabi/lib/thumb/v7e-m+fp/hard\libm.a
LOAD C:/ST/STM32CubeIDE_1.14.1/STM32CubeIDE/plugins/com.st.stm32cube.ide.mcu.externaltools.gnu-tools-for-stm32.11.3.rel1.win32_1.1.100.202309141235/tools/bin/../lib/gcc/arm-none-eabi/11.3.1/thumb/v7e-m+fp/hard\libgcc.a

.comment        0x0000000000000000       0x43
 .comment       0x0000000000000000       0x43 C:/ST/STM32CubeIDE_1.14.1/STM32CubeIDE/plugins/com.st.stm32cube.ide.mcu.externaltools.gnu-tools-for-stm32.11.3.rel1.win32_1.1.100.202309141235/tools/bin/../lib/gcc/arm-none-eabi/11.3.1/thumb/v7e-m+fp/hard/crtbegin.o
                                         0x44 (size before relaxing)
 .comment       0x0000000000000043       0x44 ./Drivers/BSP/STM32F4xx_Nucleo_144/stm32f4xx_nucleo_144.o
 .comment       0x0000000000000043       0x44 ./Drivers/CMSIS/system_stm32f4xx.o
 .comment       0x0000000000000043       0x44 ./Drivers/STM32F4xx_HAL_Driver/stm32f4xx_hal.o
 .comment       0x0000000000000043       0x44 ./Drivers/STM32F4xx_HAL_Driver/stm32f4xx_hal_cortex.o
 .comment       0x0000000000000043       0x44 ./Drivers/STM32F4xx_HAL_Driver/stm32f4xx_hal_gpio.o
 .comment       0x0000000000000043       0x44 ./Drivers/STM32F4xx_HAL_Driver/stm32f4xx_hal_pwr_ex.o
 .comment       0x0000000000000043       0x44 ./Drivers/STM32F4xx_HAL_Driver/stm32f4xx_hal_rcc.o
 .comment       0x0000000000000043       0x44 ./Drivers/STM32F4xx_HAL_Driver/stm32f4xx_hal_tim.o
 .comment       0x0000000000000043       0x44 ./Drivers/STM32F4xx_HAL_Driver/stm32f4xx_hal_tim_ex.o
 .comment       0x0000000000000043       0x44 ./Drivers/STM32F4xx_HAL_Driver/stm32f4xx_hal_uart.o
 .comment       0x0000000000000043       0x44 ./Example/User/main.o
 .comment       0x0000000000000043       0x44 ./Example/User/stm32f4xx_hal_msp.o
 .comment       0x0000000000000043       0x44 ./Example/User/stm32f4xx_it.o

.debug_info     0x0000000000000000    0x10fbc
 .debug_info    0x0000000000000000      0xae9 ./Drivers/BSP/STM32F4xx_Nucleo_144/stm32f4xx_nucleo_144.o
 .debug_info    0x0000000000000ae9      0x563 ./Drivers/CMSIS/system_stm32f4xx.o
 .debug_info    0x000000000000104c      0xa72 ./Drivers/STM32F4xx_HAL_Driver/stm32f4xx_hal.o
 .debug_info    0x0000000000001abe      0xfa4 ./Drivers/STM32F4xx_HAL_Driver/stm32f4xx_hal_cortex.o
 .debug_info    0x0000000000002a62      0x74c ./Drivers/STM32F4xx_HAL_Driver/stm32f4xx_hal_gpio.o
 .debug_info    0x00000000000031ae      0x796 ./Drivers/STM32F4xx_HAL_Driver/stm32f4xx_hal_pwr_ex.o
 .debug_info    0x0000000000003944      0xb14 ./Drivers/STM32F4xx_HAL_Driver/stm32f4xx_hal_rcc.o
 .debug_info    0x0000000000004458     0x40fd ./Drivers/STM32F4xx_HAL_Driver/stm32f4xx_hal_tim.o
 .debug_info    0x0000000000008555     0x18dd ./Drivers/STM32F4xx_HAL_Driver/stm32f4xx_hal_tim_ex.o
 .debug_info    0x0000000000009e32     0x4092 ./Drivers/STM32F4xx_HAL_Driver/stm32f4xx_hal_uart.o
 .debug_info    0x000000000000dec4       0x23 ./Example/Startup/startup_stm32f446zetx.o
 .debug_info    0x000000000000dee7     0x1a2b ./Example/User/main.o
 .debug_info    0x000000000000f912      0xfc1 ./Example/User/stm32f4xx_hal_msp.o
 .debug_info    0x00000000000108d3      0x6e9 ./Example/User/stm32f4xx_it.o

.debug_abbrev   0x0000000000000000     0x23fd
 .debug_abbrev  0x0000000000000000      0x292 ./Drivers/BSP/STM32F4xx_Nucleo_144/stm32f4xx_nucleo_144.o
 .debug_abbrev  0x0000000000000292      0x120 ./Drivers/CMSIS/system_stm32f4xx.o
 .debug_abbrev  0x00000000000003b2      0x285 ./Drivers/STM32F4xx_HAL_Driver/stm32f4xx_hal.o
 .debug_abbrev  0x0000000000000637      0x392 ./Drivers/STM32F4xx_HAL_Driver/stm32f4xx_hal_cortex.o
 .debug_abbrev  0x00000000000009c9      0x202 ./Drivers/STM32F4xx_HAL_Driver/stm32f4xx_hal_gpio.o
 .debug_abbrev  0x0000000000000bcb      0x1e4 ./Drivers/STM32F4xx_HAL_Driver/stm32f4xx_hal_pwr_ex.o
 .debug_abbrev  0x0000000000000daf      0x34d ./Drivers/STM32F4xx_HAL_Driver/stm32f4xx_hal_rcc.o
 .debug_abbrev  0x00000000000010fc      0x380 ./Drivers/STM32F4xx_HAL_Driver/stm32f4xx_hal_tim.o
 .debug_abbrev  0x000000000000147c      0x2eb ./Drivers/STM32F4xx_HAL_Driver/stm32f4xx_hal_tim_ex.o
 .debug_abbrev  0x0000000000001767      0x40a ./Drivers/STM32F4xx_HAL_Driver/stm32f4xx_hal_uart.o
 .debug_abbrev  0x0000000000001b71       0x12 ./Example/Startup/startup_stm32f446zetx.o
 .debug_abbrev  0x0000000000001b83      0x49c ./Example/User/main.o
 .debug_abbrev  0x000000000000201f      0x20a ./Example/User/stm32f4xx_hal_msp.o
 .debug_abbrev  0x0000000000002229      0x1d4 ./Example/User/stm32f4xx_it.o

.debug_loclists
                0x0000000000000000     0x701a
 .debug_loclists
                0x0000000000000000      0x116 ./Drivers/BSP/STM32F4xx_Nucleo_144/stm32f4xx_nucleo_144.o
 .debug_loclists
                0x0000000000000116       0xc4 ./Drivers/CMSIS/system_stm32f4xx.o
 .debug_loclists
                0x00000000000001da       0xc3 ./Drivers/STM32F4xx_HAL_Driver/stm32f4xx_hal.o
 .debug_loclists
                0x000000000000029d      0x367 ./Drivers/STM32F4xx_HAL_Driver/stm32f4xx_hal_cortex.o
 .debug_loclists
                0x0000000000000604      0x2b5 ./Drivers/STM32F4xx_HAL_Driver/stm32f4xx_hal_gpio.o
 .debug_loclists
                0x00000000000008b9      0x170 ./Drivers/STM32F4xx_HAL_Driver/stm32f4xx_hal_pwr_ex.o
 .debug_loclists
                0x0000000000000a29      0x2f6 ./Drivers/STM32F4xx_HAL_Driver/stm32f4xx_hal_rcc.o
 .debug_loclists
                0x0000000000000d1f     0x2b12 ./Drivers/STM32F4xx_HAL_Driver/stm32f4xx_hal_tim.o
 .debug_loclists
                0x0000000000003831      0xbf8 ./Drivers/STM32F4xx_HAL_Driver/stm32f4xx_hal_tim_ex.o
 .debug_loclists
                0x0000000000004429     0x271c ./Drivers/STM32F4xx_HAL_Driver/stm32f4xx_hal_uart.o
 .debug_loclists
                0x0000000000006b45      0x47c ./Example/User/main.o
 .debug_loclists
                0x0000000000006fc1       0x59 ./Example/User/stm32f4xx_hal_msp.o

.debug_aranges  0x0000000000000000      0x9f0
 .debug_aranges
                0x0000000000000000       0x60 ./Drivers/BSP/STM32F4xx_Nucleo_144/stm32f4xx_nucleo_144.o
 .debug_aranges
                0x0000000000000060       0x28 ./Drivers/CMSIS/system_stm32f4xx.o
 .debug_aranges
                0x0000000000000088       0xe8 ./Drivers/STM32F4xx_HAL_Driver/stm32f4xx_hal.o
 .debug_aranges
                0x0000000000000170       0xb0 ./Drivers/STM32F4xx_HAL_Driver/stm32f4xx_hal_cortex.o
 .debug_aranges
                0x0000000000000220       0x58 ./Drivers/STM32F4xx_HAL_Driver/stm32f4xx_hal_gpio.o
 .debug_aranges
                0x0000000000000278       0x60 ./Drivers/STM32F4xx_HAL_Driver/stm32f4xx_hal_pwr_ex.o
 .debug_aranges
                0x00000000000002d8       0x88 ./Drivers/STM32F4xx_HAL_Driver/stm32f4xx_hal_rcc.o
 .debug_aranges
                0x0000000000000360      0x298 ./Drivers/STM32F4xx_HAL_Driver/stm32f4xx_hal_tim.o
 .debug_aranges
                0x00000000000005f8      0x118 ./Drivers/STM32F4xx_HAL_Driver/stm32f4xx_hal_tim_ex.o
 .debug_aranges
                0x0000000000000710      0x1a8 ./Drivers/STM32F4xx_HAL_Driver/stm32f4xx_hal_uart.o
 .debug_aranges
                0x00000000000008b8       0x28 ./Example/Startup/startup_stm32f446zetx.o
 .debug_aranges
                0x00000000000008e0       0x90 ./Example/User/main.o
 .debug_aranges
                0x0000000000000970       0x30 ./Example/User/stm32f4xx_hal_msp.o
 .debug_aranges
                0x00000000000009a0       0x50 ./Example/User/stm32f4xx_it.o

.debug_rnglists
                0x0000000000000000      0x9f2
 .debug_rnglists
                0x0000000000000000       0x4f ./Drivers/BSP/STM32F4xx_Nucleo_144/stm32f4xx_nucleo_144.o
 .debug_rnglists
                0x000000000000004f       0x19 ./Drivers/CMSIS/system_stm32f4xx.o
 .debug_rnglists
                0x0000000000000068       0xa9 ./Drivers/STM32F4xx_HAL_Driver/stm32f4xx_hal.o
 .debug_rnglists
                0x0000000000000111       0xd6 ./Drivers/STM32F4xx_HAL_Driver/stm32f4xx_hal_cortex.o
 .debug_rnglists
                0x00000000000001e7       0x52 ./Drivers/STM32F4xx_HAL_Driver/stm32f4xx_hal_gpio.o
 .debug_rnglists
                0x0000000000000239       0x89 ./Drivers/STM32F4xx_HAL_Driver/stm32f4xx_hal_pwr_ex.o
 .debug_rnglists
                0x00000000000002c2       0x80 ./Drivers/STM32F4xx_HAL_Driver/stm32f4xx_hal_rcc.o
 .debug_rnglists
                0x0000000000000342      0x29b ./Drivers/STM32F4xx_HAL_Driver/stm32f4xx_hal_tim.o
 .debug_rnglists
                0x00000000000005dd       0xd6 ./Drivers/STM32F4xx_HAL_Driver/stm32f4xx_hal_tim_ex.o
 .debug_rnglists
                0x00000000000006b3      0x164 ./Drivers/STM32F4xx_HAL_Driver/stm32f4xx_hal_uart.o
 .debug_rnglists
                0x0000000000000817       0x19 ./Example/Startup/startup_stm32f446zetx.o
 .debug_rnglists
                0x0000000000000830      0x144 ./Example/User/main.o
 .debug_rnglists
                0x0000000000000974       0x47 ./Example/User/stm32f4xx_hal_msp.o
 .debug_rnglists
                0x00000000000009bb       0x37 ./Example/User/stm32f4xx_it.o

.debug_macro    0x0000000000000000    0x2209b
 .debug_macro   0x0000000000000000      0x260 ./Drivers/BSP/STM32F4xx_Nucleo_144/stm32f4xx_nucleo_144.o
 .debug_macro   0x0000000000000260      0xab4 ./Drivers/BSP/STM32F4xx_Nucleo_144/stm32f4xx_nucleo_144.o
 .debug_macro   0x0000000000000d14      0x1c3 ./Drivers/BSP/STM32F4xx_Nucleo_144/stm32f4xx_nucleo_144.o
 .debug_macro   0x0000000000000ed7       0x2e ./Drivers/BSP/STM32F4xx_Nucleo_144/stm32f4xx_nucleo_144.o
 .debug_macro   0x0000000000000f05       0x28 ./Drivers/BSP/STM32F4xx_Nucleo_144/stm32f4xx_nucleo_144.o
 .debug_macro   0x0000000000000f2d       0x22 ./Drivers/BSP/STM32F4xx_Nucleo_144/stm32f4xx_nucleo_144.o
 .debug_macro   0x0000000000000f4f       0x8e ./Drivers/BSP/STM32F4xx_Nucleo_144/stm32f4xx_nucleo_144.o
 .debug_macro   0x0000000000000fdd       0x51 ./Drivers/BSP/STM32F4xx_Nucleo_144/stm32f4xx_nucleo_144.o
 .debug_macro   0x000000000000102e      0x103 ./Drivers/BSP/STM32F4xx_Nucleo_144/stm32f4xx_nucleo_144.o
 .debug_macro   0x0000000000001131       0x6a ./Drivers/BSP/STM32F4xx_Nucleo_144/stm32f4xx_nucleo_144.o
 .debug_macro   0x000000000000119b      0x1df ./Drivers/BSP/STM32F4xx_Nucleo_144/stm32f4xx_nucleo_144.o
 .debug_macro   0x000000000000137a       0x1c ./Drivers/BSP/STM32F4xx_Nucleo_144/stm32f4xx_nucleo_144.o
 .debug_macro   0x0000000000001396       0x22 ./Drivers/BSP/STM32F4xx_Nucleo_144/stm32f4xx_nucleo_144.o
 .debug_macro   0x00000000000013b8       0xfb ./Drivers/BSP/STM32F4xx_Nucleo_144/stm32f4xx_nucleo_144.o
 .debug_macro   0x00000000000014b3     0x1011 ./Drivers/BSP/STM32F4xx_Nucleo_144/stm32f4xx_nucleo_144.o
 .debug_macro   0x00000000000024c4      0x11f ./Drivers/BSP/STM32F4xx_Nucleo_144/stm32f4xx_nucleo_144.o
 .debug_macro   0x00000000000025e3    0x16749 ./Drivers/BSP/STM32F4xx_Nucleo_144/stm32f4xx_nucleo_144.o
 .debug_macro   0x0000000000018d2c       0x6d ./Drivers/BSP/STM32F4xx_Nucleo_144/stm32f4xx_nucleo_144.o
 .debug_macro   0x0000000000018d99     0x368c ./Drivers/BSP/STM32F4xx_Nucleo_144/stm32f4xx_nucleo_144.o
 .debug_macro   0x000000000001c425      0x174 ./Drivers/BSP/STM32F4xx_Nucleo_144/stm32f4xx_nucleo_144.o
 .debug_macro   0x000000000001c599       0x5c ./Drivers/BSP/STM32F4xx_Nucleo_144/stm32f4xx_nucleo_144.o
 .debug_macro   0x000000000001c5f5      0xca5 ./Drivers/BSP/STM32F4xx_Nucleo_144/stm32f4xx_nucleo_144.o
 .debug_macro   0x000000000001d29a      0x9e9 ./Drivers/BSP/STM32F4xx_Nucleo_144/stm32f4xx_nucleo_144.o
 .debug_macro   0x000000000001dc83      0x115 ./Drivers/BSP/STM32F4xx_Nucleo_144/stm32f4xx_nucleo_144.o
 .debug_macro   0x000000000001dd98      0x1a0 ./Drivers/BSP/STM32F4xx_Nucleo_144/stm32f4xx_nucleo_144.o
 .debug_macro   0x000000000001df38       0xa5 ./Drivers/BSP/STM32F4xx_Nucleo_144/stm32f4xx_nucleo_144.o
 .debug_macro   0x000000000001dfdd      0x287 ./Drivers/BSP/STM32F4xx_Nucleo_144/stm32f4xx_nucleo_144.o
 .debug_macro   0x000000000001e264       0x5f ./Drivers/BSP/STM32F4xx_Nucleo_144/stm32f4xx_nucleo_144.o
 .debug_macro   0x000000000001e2c3      0x236 ./Drivers/BSP/STM32F4xx_Nucleo_144/stm32f4xx_nucleo_144.o
 .debug_macro   0x000000000001e4f9       0x7b ./Drivers/BSP/STM32F4xx_Nucleo_144/stm32f4xx_nucleo_144.o
 .debug_macro   0x000000000001e574      0x1d2 ./Drivers/BSP/STM32F4xx_Nucleo_144/stm32f4xx_nucleo_144.o
 .debug_macro   0x000000000001e746      0x132 ./Drivers/BSP/STM32F4xx_Nucleo_144/stm32f4xx_nucleo_144.o
 .debug_macro   0x000000000001e878      0x29c ./Drivers/BSP/STM32F4xx_Nucleo_144/stm32f4xx_nucleo_144.o
 .debug_macro   0x000000000001eb14       0x2e ./Drivers/BSP/STM32F4xx_Nucleo_144/stm32f4xx_nucleo_144.o
 .debug_macro   0x000000000001eb42      0x51d ./Drivers/BSP/STM32F4xx_Nucleo_144/stm32f4xx_nucleo_144.o
 .debug_macro   0x000000000001f05f      0x1b5 ./Drivers/BSP/STM32F4xx_Nucleo_144/stm32f4xx_nucleo_144.o
 .debug_macro   0x000000000001f214       0x22 ./Drivers/BSP/STM32F4xx_Nucleo_144/stm32f4xx_nucleo_144.o
 .debug_macro   0x000000000001f236       0xd6 ./Drivers/BSP/STM32F4xx_Nucleo_144/stm32f4xx_nucleo_144.o
 .debug_macro   0x000000000001f30c      0x127 ./Drivers/BSP/STM32F4xx_Nucleo_144/stm32f4xx_nucleo_144.o
 .debug_macro   0x000000000001f433       0xe8 ./Drivers/BSP/STM32F4xx_Nucleo_144/stm32f4xx_nucleo_144.o
 .debug_macro   0x000000000001f51b       0x89 ./Drivers/BSP/STM32F4xx_Nucleo_144/stm32f4xx_nucleo_144.o
 .debug_macro   0x000000000001f5a4      0x8ed ./Drivers/BSP/STM32F4xx_Nucleo_144/stm32f4xx_nucleo_144.o
 .debug_macro   0x000000000001fe91       0x53 ./Drivers/BSP/STM32F4xx_Nucleo_144/stm32f4xx_nucleo_144.o
 .debug_macro   0x000000000001fee4      0x2aa ./Drivers/BSP/STM32F4xx_Nucleo_144/stm32f4xx_nucleo_144.o
 .debug_macro   0x000000000002018e      0x126 ./Drivers/BSP/STM32F4xx_Nucleo_144/stm32f4xx_nucleo_144.o
 .debug_macro   0x00000000000202b4      0x12f ./Drivers/BSP/STM32F4xx_Nucleo_144/stm32f4xx_nucleo_144.o
 .debug_macro   0x00000000000203e3      0x233 ./Drivers/CMSIS/system_stm32f4xx.o
 .debug_macro   0x0000000000020616      0x287 ./Drivers/STM32F4xx_HAL_Driver/stm32f4xx_hal.o
 .debug_macro   0x000000000002089d      0x227 ./Drivers/STM32F4xx_HAL_Driver/stm32f4xx_hal_cortex.o
 .debug_macro   0x0000000000020ac4      0x22d ./Drivers/STM32F4xx_HAL_Driver/stm32f4xx_hal_gpio.o
 .debug_macro   0x0000000000020cf1      0x23f ./Drivers/STM32F4xx_HAL_Driver/stm32f4xx_hal_pwr_ex.o
 .debug_macro   0x0000000000020f30      0x24b ./Drivers/STM32F4xx_HAL_Driver/stm32f4xx_hal_rcc.o
 .debug_macro   0x000000000002117b      0x228 ./Drivers/STM32F4xx_HAL_Driver/stm32f4xx_hal_tim.o
 .debug_macro   0x00000000000213a3      0x227 ./Drivers/STM32F4xx_HAL_Driver/stm32f4xx_hal_tim_ex.o
 .debug_macro   0x00000000000215ca      0x228 ./Drivers/STM32F4xx_HAL_Driver/stm32f4xx_hal_uart.o
 .debug_macro   0x00000000000217f2      0x260 ./Example/User/main.o
 .debug_macro   0x0000000000021a52      0x135 ./Example/User/main.o
 .debug_macro   0x0000000000021b87       0x7c ./Example/User/main.o
 .debug_macro   0x0000000000021c03       0x10 ./Example/User/main.o
 .debug_macro   0x0000000000021c13      0x23f ./Example/User/stm32f4xx_hal_msp.o
 .debug_macro   0x0000000000021e52      0x249 ./Example/User/stm32f4xx_it.o

.debug_line     0x0000000000000000    0x1253b
 .debug_line    0x0000000000000000      0xa73 ./Drivers/BSP/STM32F4xx_Nucleo_144/stm32f4xx_nucleo_144.o
 .debug_line    0x0000000000000a73      0x905 ./Drivers/CMSIS/system_stm32f4xx.o
 .debug_line    0x0000000000001378      0xbb6 ./Drivers/STM32F4xx_HAL_Driver/stm32f4xx_hal.o
 .debug_line    0x0000000000001f2e      0xe44 ./Drivers/STM32F4xx_HAL_Driver/stm32f4xx_hal_cortex.o
 .debug_line    0x0000000000002d72      0xd8d ./Drivers/STM32F4xx_HAL_Driver/stm32f4xx_hal_gpio.o
 .debug_line    0x0000000000003aff      0xb96 ./Drivers/STM32F4xx_HAL_Driver/stm32f4xx_hal_pwr_ex.o
 .debug_line    0x0000000000004695     0x10f6 ./Drivers/STM32F4xx_HAL_Driver/stm32f4xx_hal_rcc.o
 .debug_line    0x000000000000578b     0x47cd ./Drivers/STM32F4xx_HAL_Driver/stm32f4xx_hal_tim.o
 .debug_line    0x0000000000009f58     0x1c07 ./Drivers/STM32F4xx_HAL_Driver/stm32f4xx_hal_tim_ex.o
 .debug_line    0x000000000000bb5f     0x459b ./Drivers/STM32F4xx_HAL_Driver/stm32f4xx_hal_uart.o
 .debug_line    0x00000000000100fa       0x7a ./Example/Startup/startup_stm32f446zetx.o
 .debug_line    0x0000000000010174     0x117d ./Example/User/main.o
 .debug_line    0x00000000000112f1      0x90a ./Example/User/stm32f4xx_hal_msp.o
 .debug_line    0x0000000000011bfb      0x940 ./Example/User/stm32f4xx_it.o

.debug_str      0x0000000000000000    0xd3412
 .debug_str     0x0000000000000000    0xcf8bf ./Drivers/BSP/STM32F4xx_Nucleo_144/stm32f4xx_nucleo_144.o
                                      0xcfb9f (size before relaxing)
 .debug_str     0x00000000000cf8bf      0x137 ./Drivers/CMSIS/system_stm32f4xx.o
                                      0xceac8 (size before relaxing)
 .debug_str     0x00000000000cf9f6      0x6ad ./Drivers/STM32F4xx_HAL_Driver/stm32f4xx_hal.o
                                      0xcf66e (size before relaxing)
 .debug_str     0x00000000000d00a3      0x377 ./Drivers/STM32F4xx_HAL_Driver/stm32f4xx_hal_cortex.o
                                      0xcf393 (size before relaxing)
 .debug_str     0x00000000000d041a      0x13a ./Drivers/STM32F4xx_HAL_Driver/stm32f4xx_hal_gpio.o
                                      0xcec24 (size before relaxing)
 .debug_str     0x00000000000d0554      0x17e ./Drivers/STM32F4xx_HAL_Driver/stm32f4xx_hal_pwr_ex.o
                                      0xcec81 (size before relaxing)
 .debug_str     0x00000000000d06d2      0x3b5 ./Drivers/STM32F4xx_HAL_Driver/stm32f4xx_hal_rcc.o
                                      0xceef3 (size before relaxing)
 .debug_str     0x00000000000d0a87     0x138e ./Drivers/STM32F4xx_HAL_Driver/stm32f4xx_hal_tim.o
                                      0xcfe0b (size before relaxing)
 .debug_str     0x00000000000d1e15      0x53d ./Drivers/STM32F4xx_HAL_Driver/stm32f4xx_hal_tim_ex.o
                                      0xcf617 (size before relaxing)
 .debug_str     0x00000000000d2352      0x889 ./Drivers/STM32F4xx_HAL_Driver/stm32f4xx_hal_uart.o
                                      0xcf4aa (size before relaxing)
 .debug_str     0x00000000000d2bdb       0x37 ./Example/Startup/startup_stm32f446zetx.o
                                         0x8a (size before relaxing)
 .debug_str     0x00000000000d2c12      0x6dd ./Example/User/main.o
                                      0xd034f (size before relaxing)
 .debug_str     0x00000000000d32ef       0x2e ./Example/User/stm32f4xx_hal_msp.o
                                      0xd024c (size before relaxing)
 .debug_str     0x00000000000d331d       0xf5 ./Example/User/stm32f4xx_it.o
                                      0xcf9d7 (size before relaxing)

.debug_frame    0x0000000000000000     0x1e30
 .debug_frame   0x0000000000000000       0xf0 ./Drivers/BSP/STM32F4xx_Nucleo_144/stm32f4xx_nucleo_144.o
 .debug_frame   0x00000000000000f0       0x30 ./Drivers/CMSIS/system_stm32f4xx.o
 .debug_frame   0x0000000000000120      0x1f4 ./Drivers/STM32F4xx_HAL_Driver/stm32f4xx_hal.o
 .debug_frame   0x0000000000000314      0x168 ./Drivers/STM32F4xx_HAL_Driver/stm32f4xx_hal_cortex.o
 .debug_frame   0x000000000000047c       0xd4 ./Drivers/STM32F4xx_HAL_Driver/stm32f4xx_hal_gpio.o
 .debug_frame   0x0000000000000550       0xf8 ./Drivers/STM32F4xx_HAL_Driver/stm32f4xx_hal_pwr_ex.o
 .debug_frame   0x0000000000000648      0x13c ./Drivers/STM32F4xx_HAL_Driver/stm32f4xx_hal_rcc.o
 .debug_frame   0x0000000000000784      0x9f4 ./Drivers/STM32F4xx_HAL_Driver/stm32f4xx_hal_tim.o
 .debug_frame   0x0000000000001178      0x3d0 ./Drivers/STM32F4xx_HAL_Driver/stm32f4xx_hal_tim_ex.o
 .debug_frame   0x0000000000001548      0x59c ./Drivers/STM32F4xx_HAL_Driver/stm32f4xx_hal_uart.o
 .debug_frame   0x0000000000001ae4      0x180 ./Example/User/main.o
 .debug_frame   0x0000000000001c64       0x70 ./Example/User/stm32f4xx_hal_msp.o
 .debug_frame   0x0000000000001cd4       0xb0 ./Example/User/stm32f4xx_it.o
 .debug_frame   0x0000000000001d84       0x20 C:/ST/STM32CubeIDE_1.14.1/STM32CubeIDE/plugins/com.st.stm32cube.ide.mcu.externaltools.gnu-tools-for-stm32.11.3.rel1.win32_1.1.100.202309141235/tools/bin/../lib/gcc/arm-none-eabi/11.3.1/../../../../arm-none-eabi/lib/thumb/v7e-m+fp/hard\libc_nano.a(libc_a-memset.o)
 .debug_frame   0x0000000000001da4       0x2c C:/ST/STM32CubeIDE_1.14.1/STM32CubeIDE/plugins/com.st.stm32cube.ide.mcu.externaltools.gnu-tools-for-stm32.11.3.rel1.win32_1.1.100.202309141235/tools/bin/../lib/gcc/arm-none-eabi/11.3.1/../../../../arm-none-eabi/lib/thumb/v7e-m+fp/hard\libc_nano.a(libc_a-init.o)
 .debug_frame   0x0000000000001dd0       0x2c C:/ST/STM32CubeIDE_1.14.1/STM32CubeIDE/plugins/com.st.stm32cube.ide.mcu.externaltools.gnu-tools-for-stm32.11.3.rel1.win32_1.1.100.202309141235/tools/bin/../lib/gcc/arm-none-eabi/11.3.1/thumb/v7e-m+fp/hard\libgcc.a(_aeabi_uldivmod.o)
 .debug_frame   0x0000000000001dfc       0x34 C:/ST/STM32CubeIDE_1.14.1/STM32CubeIDE/plugins/com.st.stm32cube.ide.mcu.externaltools.gnu-tools-for-stm32.11.3.rel1.win32_1.1.100.202309141235/tools/bin/../lib/gcc/arm-none-eabi/11.3.1/thumb/v7e-m+fp/hard\libgcc.a(_udivmoddi4.o)

.debug_line_str
                0x0000000000000000       0x7e
 .debug_line_str
                0x0000000000000000       0x7e ./Example/Startup/startup_stm32f446zetx.o
                                         0x96 (size before relaxing)
