C:/Users/Admin/STM32CubeIDE/workspace_1.14.1/FLASH_EraseProgram/Src/main.c:545:6:TestTask0	1
C:/Users/Admin/STM32CubeIDE/workspace_1.14.1/FLASH_EraseProgram/Src/main.c:552:6:TestTask1	1
C:/Users/Admin/STM32CubeIDE/workspace_1.14.1/FLASH_EraseProgram/Src/main.c:559:6:TestTask2	1
C:/Users/Admin/STM32CubeIDE/workspace_1.14.1/FLASH_EraseProgram/STM32CubeIDE/Example/inc/HexQueue.h:13:6:HEXQueueInit	1
C:/Users/Admin/STM32CubeIDE/workspace_1.14.1/FLASH_EraseProgram/STM32CubeIDE/Example/inc/HexQueue.h:19:6:HEXQueueFixBounds	4
C:/Users/Admin/STM32CubeIDE/workspace_1.14.1/FLASH_EraseProgram/STM32CubeIDE/Example/inc/HexQueue.h:28:6:HEXQueueAdd	2
C:/Users/Admin/STM32CubeIDE/workspace_1.14.1/FLASH_EraseProgram/STM32CubeIDE/Example/inc/HexQueue.h:39:6:HEXQueueAddArray	2
C:/Users/Admin/STM32CubeIDE/workspace_1.14.1/FLASH_EraseProgram/STM32CubeIDE/Example/inc/HexQueue.h:44:9:HEXQueueGetIdx	1
C:/Users/Admin/STM32CubeIDE/workspace_1.14.1/FLASH_EraseProgram/STM32CubeIDE/Example/inc/HexQueue.h:52:9:HEXQueueExtractHex	7
C:/Users/Admin/STM32CubeIDE/workspace_1.14.1/FLASH_EraseProgram/Src/main.c:107:6:TinyBLInit	5
C:/Users/Admin/STM32CubeIDE/workspace_1.14.1/FLASH_EraseProgram/Src/main.c:202:6:FlashEraseSectorIfNeeded	10
C:/Users/Admin/STM32CubeIDE/workspace_1.14.1/FLASH_EraseProgram/Src/main.c:237:9:ProcessHexFlash	6
C:/Users/Admin/STM32CubeIDE/workspace_1.14.1/FLASH_EraseProgram/Src/main.c:574:6:TIM7_IRQHandler	2
C:/Users/Admin/STM32CubeIDE/workspace_1.14.1/FLASH_EraseProgram/Src/main.c:587:6:RTOSInit	1
C:/Users/Admin/STM32CubeIDE/workspace_1.14.1/FLASH_EraseProgram/Src/main.c:287:5:main	3
