C:/Users/Admin/STM32CubeIDE/workspace_1.14.1/FLASH_EraseProgram/STM32CubeIDE/Example/inc/HexQueue.h:13:6:HEXQueueInit	1
C:/Users/Admin/STM32CubeIDE/workspace_1.14.1/FLASH_EraseProgram/STM32CubeIDE/Example/inc/HexQueue.h:19:6:HEXQueueFixBounds	4
C:/Users/Admin/STM32CubeIDE/workspace_1.14.1/FLASH_EraseProgram/STM32CubeIDE/Example/inc/HexQueue.h:28:6:HEXQueueAdd	2
C:/Users/Admin/STM32CubeIDE/workspace_1.14.1/FLASH_EraseProgram/STM32CubeIDE/Example/inc/HexQueue.h:39:6:HEXQueueAddArray	2
C:/Users/Admin/STM32CubeIDE/workspace_1.14.1/FLASH_EraseProgram/STM32CubeIDE/Example/inc/HexQueue.h:44:9:HEXQueueGetIdx	1
C:/Users/Admin/STM32CubeIDE/workspace_1.14.1/FLASH_EraseProgram/STM32CubeIDE/Example/inc/HexQueue.h:52:9:HEXQueueExtractHex	7
C:/Users/Admin/STM32CubeIDE/workspace_1.14.1/FLASH_EraseProgram/Src/main.c:69:6:TinyBLInit	5
C:/Users/Admin/STM32CubeIDE/workspace_1.14.1/FLASH_EraseProgram/Src/main.c:164:6:FlashEraseSectorIfNeeded	4
C:/Users/Admin/STM32CubeIDE/workspace_1.14.1/FLASH_EraseProgram/Src/main.c:199:9:ProcessHexFlash	8
C:/Users/Admin/STM32CubeIDE/workspace_1.14.1/FLASH_EraseProgram/Src/main.c:249:5:main	4
C:/Users/Admin/STM32CubeIDE/workspace_1.14.1/FLASH_EraseProgram/Src/main.c:347:17:GetSector	15
C:/Users/Admin/STM32CubeIDE/workspace_1.14.1/FLASH_EraseProgram/Src/main.c:393:17:GetSectorSize	6
C:/Users/Admin/STM32CubeIDE/workspace_1.14.1/FLASH_EraseProgram/Src/main.c:432:13:SystemClock_Config	4
