C:/Users/Admin/STM32CubeIDE/workspace_1.14.1/FLASH_EraseProgram/STM32CubeIDE/Example/inc/HexQueue.h:13:6:HEXQueueInit	0	static
C:/Users/Admin/STM32CubeIDE/workspace_1.14.1/FLASH_EraseProgram/STM32CubeIDE/Example/inc/HexQueue.h:19:6:HEXQueueFixBounds	0	static
C:/Users/Admin/STM32CubeIDE/workspace_1.14.1/FLASH_EraseProgram/STM32CubeIDE/Example/inc/HexQueue.h:28:6:HEXQueueAdd	0	static
C:/Users/Admin/STM32CubeIDE/workspace_1.14.1/FLASH_EraseProgram/Src/main.c:548:6:UARTInTask	8	static
C:/Users/Admin/STM32CubeIDE/workspace_1.14.1/FLASH_EraseProgram/STM32CubeIDE/Example/inc/HexQueue.h:39:6:HEXQueueAddArray	16	static
C:/Users/Admin/STM32CubeIDE/workspace_1.14.1/FLASH_EraseProgram/STM32CubeIDE/Example/inc/HexQueue.h:44:9:HEXQueueGetIdx	0	static
C:/Users/Admin/STM32CubeIDE/workspace_1.14.1/FLASH_EraseProgram/STM32CubeIDE/Example/inc/HexQueue.h:52:9:HEXQueueExtractHex	36	static
C:/Users/Admin/STM32CubeIDE/workspace_1.14.1/FLASH_EraseProgram/Src/main.c:568:6:HexProcessTask	24	static
C:/Users/Admin/STM32CubeIDE/workspace_1.14.1/FLASH_EraseProgram/Src/main.c:107:6:TinyBLInit	88	static
C:/Users/Admin/STM32CubeIDE/workspace_1.14.1/FLASH_EraseProgram/Src/main.c:202:6:FlashEraseSectorIfNeeded	16	static
C:/Users/Admin/STM32CubeIDE/workspace_1.14.1/FLASH_EraseProgram/Src/main.c:624:6:FlashTask	32	static
C:/Users/Admin/STM32CubeIDE/workspace_1.14.1/FLASH_EraseProgram/Src/main.c:655:6:TIM7_IRQHandler	0	static,ignoring_inline_asm
C:/Users/Admin/STM32CubeIDE/workspace_1.14.1/FLASH_EraseProgram/Src/main.c:672:6:RTOSInit	16	static
C:/Users/Admin/STM32CubeIDE/workspace_1.14.1/FLASH_EraseProgram/Src/main.c:285:5:main	40	static
