C:/Users/Admin/STM32CubeIDE/workspace_1.14.1/FLASH_EraseProgram/Drivers/BSP/STM32F4xx_Nucleo_144/stm32f4xx_nucleo_144.c:160:10:BSP_GetVersion	0	static
C:/Users/Admin/STM32CubeIDE/workspace_1.14.1/FLASH_EraseProgram/Drivers/BSP/STM32F4xx_Nucleo_144/stm32f4xx_nucleo_144.c:173:6:BSP_LED_Init	56	static
C:/Users/Admin/STM32CubeIDE/workspace_1.14.1/FLASH_EraseProgram/Drivers/BSP/STM32F4xx_Nucleo_144/stm32f4xx_nucleo_144.c:199:6:BSP_LED_DeInit	24	static
C:/Users/Admin/STM32CubeIDE/workspace_1.14.1/FLASH_EraseProgram/Drivers/BSP/STM32F4xx_Nucleo_144/stm32f4xx_nucleo_144.c:216:6:BSP_LED_On	0	static
C:/Users/Admin/STM32CubeIDE/workspace_1.14.1/FLASH_EraseProgram/Drivers/BSP/STM32F4xx_Nucleo_144/stm32f4xx_nucleo_144.c:229:6:BSP_LED_Off	0	static
C:/Users/Admin/STM32CubeIDE/workspace_1.14.1/FLASH_EraseProgram/Drivers/BSP/STM32F4xx_Nucleo_144/stm32f4xx_nucleo_144.c:242:6:BSP_LED_Toggle	0	static
C:/Users/Admin/STM32CubeIDE/workspace_1.14.1/FLASH_EraseProgram/Drivers/BSP/STM32F4xx_Nucleo_144/stm32f4xx_nucleo_144.c:257:6:BSP_PB_Init	32	static
C:/Users/Admin/STM32CubeIDE/workspace_1.14.1/FLASH_EraseProgram/Drivers/BSP/STM32F4xx_Nucleo_144/stm32f4xx_nucleo_144.c:294:6:BSP_PB_DeInit	8	static
C:/Users/Admin/STM32CubeIDE/workspace_1.14.1/FLASH_EraseProgram/Drivers/BSP/STM32F4xx_Nucleo_144/stm32f4xx_nucleo_144.c:309:10:BSP_PB_GetState	8	static
