C:/Users/Admin/STM32CubeIDE/workspace_1.14.1/FLASH_EraseProgram/Drivers/BSP/STM32F4xx_Nucleo_144/stm32f4xx_nucleo_144.c:160:10:BSP_GetVersion	4	static
C:/Users/Admin/STM32CubeIDE/workspace_1.14.1/FLASH_EraseProgram/Drivers/BSP/STM32F4xx_Nucleo_144/stm32f4xx_nucleo_144.c:173:6:BSP_LED_Init	48	static
C:/Users/Admin/STM32CubeIDE/workspace_1.14.1/FLASH_EraseProgram/Drivers/BSP/STM32F4xx_Nucleo_144/stm32f4xx_nucleo_144.c:199:6:BSP_LED_DeInit	40	static
C:/Users/Admin/STM32CubeIDE/workspace_1.14.1/FLASH_EraseProgram/Drivers/BSP/STM32F4xx_Nucleo_144/stm32f4xx_nucleo_144.c:216:6:BSP_LED_On	16	static
C:/Users/Admin/STM32CubeIDE/workspace_1.14.1/FLASH_EraseProgram/Drivers/BSP/STM32F4xx_Nucleo_144/stm32f4xx_nucleo_144.c:229:6:BSP_LED_Off	16	static
C:/Users/Admin/STM32CubeIDE/workspace_1.14.1/FLASH_EraseProgram/Drivers/BSP/STM32F4xx_Nucleo_144/stm32f4xx_nucleo_144.c:242:6:BSP_LED_Toggle	16	static
C:/Users/Admin/STM32CubeIDE/workspace_1.14.1/FLASH_EraseProgram/Drivers/BSP/STM32F4xx_Nucleo_144/stm32f4xx_nucleo_144.c:257:6:BSP_PB_Init	40	static
C:/Users/Admin/STM32CubeIDE/workspace_1.14.1/FLASH_EraseProgram/Drivers/BSP/STM32F4xx_Nucleo_144/stm32f4xx_nucleo_144.c:294:6:BSP_PB_DeInit	40	static
C:/Users/Admin/STM32CubeIDE/workspace_1.14.1/FLASH_EraseProgram/Drivers/BSP/STM32F4xx_Nucleo_144/stm32f4xx_nucleo_144.c:309:10:BSP_PB_GetState	16	static
